Component: ARM Compiler 5.06 update 6 (build 750) Tool: armlink [4d35ed]

==============================================================================

Section Cross References

    main.o(i.Delayms) refers to tm_stm32f4_delay.o(.data) for TM_Time
    main.o(i.EXTI9_5_IRQHandler) refers to stm32f4xx_exti.o(i.EXTI_GetITStatus) for EXTI_GetITStatus
    main.o(i.EXTI9_5_IRQHandler) refers to stm32f4xx_exti.o(i.EXTI_ClearITPendingBit) for EXTI_ClearITPendingBit
    main.o(i.EXTI9_5_IRQHandler) refers to main.o(.data) for sayac
    main.o(i.EXTI_II) refers to stm32f4xx_rcc.o(i.RCC_AHB1PeriphClockCmd) for RCC_AHB1PeriphClockCmd
    main.o(i.EXTI_II) refers to stm32f4xx_rcc.o(i.RCC_APB2PeriphClockCmd) for RCC_APB2PeriphClockCmd
    main.o(i.EXTI_II) refers to stm32f4xx_gpio.o(i.GPIO_Init) for GPIO_Init
    main.o(i.EXTI_II) refers to stm32f4xx_syscfg.o(i.SYSCFG_EXTILineConfig) for SYSCFG_EXTILineConfig
    main.o(i.EXTI_II) refers to stm32f4xx_exti.o(i.EXTI_Init) for EXTI_Init
    main.o(i.EXTI_II) refers to misc.o(i.NVIC_Init) for NVIC_Init
    main.o(i.EkranDevirHiz) refers to _printf_percent.o(.ARM.Collect$$_printf_percent$$00000000) for _printf_percent
    main.o(i.EkranDevirHiz) refers to _printf_d.o(.ARM.Collect$$_printf_percent$$00000009) for _printf_d
    main.o(i.EkranDevirHiz) refers to _printf_dec.o(.text) for _printf_int_dec
    main.o(i.EkranDevirHiz) refers to dflt_clz.o(x$fpl$dflt) for __aeabi_i2d
    main.o(i.EkranDevirHiz) refers to dmul.o(x$fpl$dmul) for __aeabi_dmul
    main.o(i.EkranDevirHiz) refers to dfixu.o(x$fpl$dfixu) for __aeabi_d2uiz
    main.o(i.EkranDevirHiz) refers to dflt_clz.o(x$fpl$dfltu) for __aeabi_ui2d
    main.o(i.EkranDevirHiz) refers to noretval__2sprintf.o(.text) for __2sprintf
    main.o(i.EkranDevirHiz) refers to main.o(i.EkranGonder) for EkranGonder
    main.o(i.EkranDevirHiz) refers to dfix.o(x$fpl$dfix) for __aeabi_d2iz
    main.o(i.EkranDevirHiz) refers to main.o(i.EkranGonderInt) for EkranGonderInt
    main.o(i.EkranDevirHiz) refers to main.o(.data) for timer
    main.o(i.EkranDevirHiz) refers to main.o(.bss) for devir
    main.o(i.EkranGonder) refers to tm_stm32f4_usart.o(i.TM_USART_Puts) for TM_USART_Puts
    main.o(i.EkranGonder) refers to main.o(i.TM_USART_Putc) for TM_USART_Putc
    main.o(i.EkranGonderInt) refers to tm_stm32f4_usart.o(i.TM_USART_Puts) for TM_USART_Puts
    main.o(i.EkranGonderInt) refers to main.o(i.TM_USART_Putc) for TM_USART_Putc
    main.o(i.GPIOA_Init) refers to stm32f4xx_rcc.o(i.RCC_AHB1PeriphClockCmd) for RCC_AHB1PeriphClockCmd
    main.o(i.GPIOA_Init) refers to stm32f4xx_gpio.o(i.GPIO_Init) for GPIO_Init
    main.o(i.GPIOB_Init) refers to stm32f4xx_rcc.o(i.RCC_AHB1PeriphClockCmd) for RCC_AHB1PeriphClockCmd
    main.o(i.GPIOB_Init) refers to stm32f4xx_gpio.o(i.GPIO_Init) for GPIO_Init
    main.o(i.GPIOC_Init) refers to stm32f4xx_rcc.o(i.RCC_AHB1PeriphClockCmd) for RCC_AHB1PeriphClockCmd
    main.o(i.GPIOC_Init) refers to stm32f4xx_gpio.o(i.GPIO_Init) for GPIO_Init
    main.o(i.GPIOD_Disable_OUTPUT) refers to stm32f4xx_rcc.o(i.RCC_AHB1PeriphClockCmd) for RCC_AHB1PeriphClockCmd
    main.o(i.GPIOD_Disable_OUTPUT) refers to stm32f4xx_gpio.o(i.GPIO_Init) for GPIO_Init
    main.o(i.GPIOD_Init_OUTPUT) refers to stm32f4xx_rcc.o(i.RCC_AHB1PeriphClockCmd) for RCC_AHB1PeriphClockCmd
    main.o(i.GPIOD_Init_OUTPUT) refers to stm32f4xx_gpio.o(i.GPIO_Init) for GPIO_Init
    main.o(i.GPIOE_Init_DInput) refers to stm32f4xx_rcc.o(i.RCC_AHB1PeriphClockCmd) for RCC_AHB1PeriphClockCmd
    main.o(i.GPIOE_Init_DInput) refers to stm32f4xx_gpio.o(i.GPIO_Init) for GPIO_Init
    main.o(i.GPIOF_Init) refers to stm32f4xx_rcc.o(i.RCC_AHB1PeriphClockCmd) for RCC_AHB1PeriphClockCmd
    main.o(i.GPIOF_Init) refers to stm32f4xx_gpio.o(i.GPIO_Init) for GPIO_Init
    main.o(i.GPIOF_Init_DInput) refers to stm32f4xx_rcc.o(i.RCC_AHB1PeriphClockCmd) for RCC_AHB1PeriphClockCmd
    main.o(i.GPIOF_Init_DInput) refers to stm32f4xx_gpio.o(i.GPIO_Init) for GPIO_Init
    main.o(i.GPIOG_Disable_OUTPUT) refers to stm32f4xx_rcc.o(i.RCC_AHB1PeriphClockCmd) for RCC_AHB1PeriphClockCmd
    main.o(i.GPIOG_Disable_OUTPUT) refers to stm32f4xx_gpio.o(i.GPIO_Init) for GPIO_Init
    main.o(i.GPIOG_Init_DInput) refers to stm32f4xx_rcc.o(i.RCC_AHB1PeriphClockCmd) for RCC_AHB1PeriphClockCmd
    main.o(i.GPIOG_Init_DInput) refers to stm32f4xx_gpio.o(i.GPIO_Init) for GPIO_Init
    main.o(i.GPIOG_Init_OUTPUT) refers to stm32f4xx_rcc.o(i.RCC_AHB1PeriphClockCmd) for RCC_AHB1PeriphClockCmd
    main.o(i.GPIOG_Init_OUTPUT) refers to stm32f4xx_gpio.o(i.GPIO_Init) for GPIO_Init
    main.o(i.GPIO_USARTConf) refers to stm32f4xx_rcc.o(i.RCC_AHB1PeriphClockCmd) for RCC_AHB1PeriphClockCmd
    main.o(i.GPIO_USARTConf) refers to stm32f4xx_rcc.o(i.RCC_APB2PeriphClockCmd) for RCC_APB2PeriphClockCmd
    main.o(i.GPIO_USARTConf) refers to stm32f4xx_gpio.o(i.GPIO_Init) for GPIO_Init
[...]
    .constdata                               0x0800634c   Section      148  bigflt0.o(.constdata)
    tenpwrs_x                                0x0800634c   Data          60  bigflt0.o(.constdata)
    tenpwrs_i                                0x08006388   Data          64  bigflt0.o(.constdata)
    .conststring                             0x080063e0   Section      227  main.o(.conststring)
    locale$$data                             0x080064e4   Section       28  lc_numeric_c.o(locale$$data)
    __lcnum_c_name                           0x080064e8   Data           2  lc_numeric_c.o(locale$$data)
    __lcnum_c_start                          0x080064f0   Data           0  lc_numeric_c.o(locale$$data)
    __lcnum_c_point                          0x080064fc   Data           0  lc_numeric_c.o(locale$$data)
    __lcnum_c_thousands                      0x080064fe   Data           0  lc_numeric_c.o(locale$$data)
    __lcnum_c_grouping                       0x080064ff   Data           0  lc_numeric_c.o(locale$$data)
    __lcnum_c_end                            0x08006500   Data           0  lc_numeric_c.o(locale$$data)
    .data                                    0x20000000   Section      280  main.o(.data)
    .data                                    0x20000118   Section      128  tm_stm32f4_usart.o(.data)
    .data                                    0x20000198   Section       17  tm_stm32f4_delay.o(.data)
    .data                                    0x200001a9   Section       16  stm32f4xx_rcc.o(.data)
    APBAHBPrescTable                         0x200001a9   Data          16  stm32f4xx_rcc.o(.data)
    .data                                    0x200001bc   Section       20  system_stm32f4xx.o(.data)
    .bss                                     0x200001d0   Section     1420  main.o(.bss)
    .bss                                     0x2000075c   Section      256  tm_stm32f4_usart.o(.bss)
    .bss                                     0x2000085c   Section       22  tm_stm32f4_gpio.o(.bss)
    GPIO_UsedPins                            0x2000085c   Data          22  tm_stm32f4_gpio.o(.bss)
    .bss                                     0x20000874   Section       24  tm_stm32f4_delay.o(.bss)
    CustomTimers                             0x20000874   Data          24  tm_stm32f4_delay.o(.bss)
    .bss                                     0x2000088c   Section       96  libspace.o(.bss)
    HEAP                                     0x200008f0   Section      512  startup_stm32f429_439xx.o(HEAP)
    Heap_Mem                                 0x200008f0   Data         512  startup_stm32f429_439xx.o(HEAP)
    STACK                                    0x20000af0   Section     1024  startup_stm32f429_439xx.o(STACK)
    Stack_Mem                                0x20000af0   Data        1024  startup_stm32f429_439xx.o(STACK)
    __initial_sp                             0x20000ef0   Data           0  startup_stm32f429_439xx.o(STACK)

    Global Symbols

    Symbol Name                              Value     Ov Type        Size  Object(Section)

    BuildAttributes$$THM_ISAv4$E$P$D$K$B$S$7EM$VFPi3$EXTD16$VFPS$VFMA$PE$A:L22UL41UL21$X:L11$S22US41US21$IEEE1$IW$USESV6$~STKCKD$USESV7$~SHL$OTIME$ROPI$IEEEJ$EBA8$UX$STANDARDLIB$REQ8$PRES8$EABIv2 0x00000000   Number         0  anon$$obj.o ABSOLUTE
    __ARM_use_no_argv                        0x00000000   Number         0  main.o ABSOLUTE
    _printf_flags                            0x00000000   Number         0  printf_stubs.o ABSOLUTE
    _printf_return_value                     0x00000000   Number         0  printf_stubs.o ABSOLUTE
    _printf_sizespec                         0x00000000   Number         0  printf_stubs.o ABSOLUTE
    _printf_widthprec                        0x00000000   Number         0  printf_stubs.o ABSOLUTE
    TM_DELAY_1msHandler                       - Undefined Weak Reference
    __ARM_exceptions_init                     - Undefined Weak Reference
    __alloca_initialize                       - Undefined Weak Reference
    __arm_preinit_                            - Undefined Weak Reference
    __cpp_initialize__aeabi_                  - Undefined Weak Reference
    __cxa_finalize                            - Undefined Weak Reference
    __sigvec_lookup                           - Undefined Weak Reference
    __user_heap_extent                        - Undefined Weak Reference
    _atexit_init                              - Undefined Weak Reference
    _call_atexit_fns                          - Undefined Weak Reference
    _clock_init                               - Undefined Weak Reference
    _fp_trap_init                             - Undefined Weak Reference
    _fp_trap_shutdown                         - Undefined Weak Reference
    _get_lc_collate                           - Undefined Weak Reference
    _get_lc_ctype                             - Undefined Weak Reference
    _get_lc_monetary                          - Undefined Weak Reference
    _get_lc_time                              - Undefined Weak Reference
    _getenv_init                              - Undefined Weak Reference
    _handle_redirection                       - Undefined Weak Reference
    _initio                                   - Undefined Weak Reference
    _mutex_acquire                            - Undefined Weak Reference
    _mutex_free                               - Undefined Weak Reference
    _mutex_release                            - Undefined Weak Reference
    _printf_truncate_signed                   - Undefined Weak Reference
    _printf_truncate_unsigned                 - Undefined Weak Reference
    _rand_init                                - Undefined Weak Reference
    _signal_finish                            - Undefined Weak Reference
    _signal_init                              - Undefined Weak Reference
    _terminateio                              - Undefined Weak Reference
    __Vectors_Size                           0x000001ac   Number         0  startup_stm32f429_439xx.o ABSOLUTE
    __Vectors                                0x08000000   Data           4  startup_stm32f429_439xx.o(RESET)
    __Vectors_End                            0x080001ac   Data           0  startup_stm32f429_439xx.o(RESET)
    __main                                   0x080001ad   Thumb Code     8  __main.o(!!!main)
    __scatterload                            0x080001b5   Thumb Code     0  __scatter.o(!!!scatter)
    __scatterload_rt2                        0x080001b5   Thumb Code    44  __scatter.o(!!!scatter)
    __scatterload_rt2_thumb_only             0x080001b5   Thumb Code     0  __scatter.o(!!!scatter)
    __scatterload_null                       0x080001c3   Thumb Code     0  __scatter.o(!!!scatter)
    __decompress                             0x080001e9   Thumb Code    90  __dczerorl2.o(!!dczerorl2)
    __decompress1                            0x080001e9   Thumb Code     0  __dczerorl2.o(!!dczerorl2)
    __scatterload_zeroinit                   0x08000245   Thumb Code    28  __scatter_zi.o(!!handler_zi)
    _printf_f                                0x08000261   Thumb Code     0  _printf_f.o(.ARM.Collect$$_printf_percent$$00000003)
    _printf_percent                          0x08000261   Thumb Code     0  _printf_percent.o(.ARM.Collect$$_printf_percent$$00000000)
    _printf_d                                0x08000267   Thumb Code     0  _printf_d.o(.ARM.Collect$$_printf_percent$$00000009)
    _printf_x                                0x0800026d   Thumb Code     0  _printf_x.o(.ARM.Collect$$_printf_percent$$0000000C)
    _printf_percent_end                      0x08000273   Thumb Code     0  _printf_percent_end.o(.ARM.Collect$$_printf_percent$$00000017)
    __rt_lib_init                            0x08000277   Thumb Code     0  libinit.o(.ARM.Collect$$libinit$$00000000)
    __rt_lib_init_fp_1                       0x08000279   Thumb Code     0  libinit2.o(.ARM.Collect$$libinit$$00000001)
    __rt_lib_init_heap_1                     0x0800027d   Thumb Code     0  libinit2.o(.ARM.Collect$$libinit$$0000000A)
    __rt_lib_init_lc_common                  0x0800027d   Thumb Code     0  libinit2.o(.ARM.Collect$$libinit$$0000000F)
    __rt_lib_init_preinit_1                  0x0800027d   Thumb Code     0  libinit2.o(.ARM.Collect$$libinit$$00000004)
    __rt_lib_init_rand_1                     0x0800027d   Thumb Code     0  libinit2.o(.ARM.Collect$$libinit$$0000000E)
    __rt_lib_init_user_alloc_1               0x0800027d   Thumb Code     0  libinit2.o(.ARM.Collect$$libinit$$0000000C)
    __rt_lib_init_lc_collate_1               0x08000283   Thumb Code     0  libinit2.o(.ARM.Collect$$libinit$$00000011)
    __rt_lib_init_lc_ctype_1                 0x08000283   Thumb Code     0  libinit2.o(.ARM.Collect$$libinit$$00000013)
    __rt_lib_init_lc_monetary_1              0x08000283   Thumb Code     0  libinit2.o(.ARM.Collect$$libinit$$00000015)
    __rt_lib_init_lc_numeric_2               0x08000283   Thumb Code     0  libinit2.o(.ARM.Collect$$libinit$$00000016)
    __rt_lib_init_alloca_1                   0x0800028d   Thumb Code     0  libinit2.o(.ARM.Collect$$libinit$$0000002E)
    __rt_lib_init_argv_1                     0x0800028d   Thumb Code     0  libinit2.o(.ARM.Collect$$libinit$$0000002C)
    __rt_lib_init_atexit_1                   0x0800028d   Thumb Code     0  libinit2.o(.ARM.Collect$$libinit$$0000001B)
    __rt_lib_init_clock_1                    0x0800028d   Thumb Code     0  libinit2.o(.ARM.Collect$$libinit$$00000021)
    __rt_lib_init_cpp_1                      0x0800028d   Thumb Code     0  libinit2.o(.ARM.Collect$$libinit$$00000032)
    __rt_lib_init_exceptions_1               0x0800028d   Thumb Code     0  libinit2.o(.ARM.Collect$$libinit$$00000030)
    __rt_lib_init_fp_trap_1                  0x0800028d   Thumb Code     0  libinit2.o(.ARM.Collect$$libinit$$0000001F)
    __rt_lib_init_getenv_1                   0x0800028d   Thumb Code     0  libinit2.o(.ARM.Collect$$libinit$$00000023)
    __rt_lib_init_lc_numeric_1               0x0800028d   Thumb Code     0  libinit2.o(.ARM.Collect$$libinit$$00000017)
    __rt_lib_init_lc_time_1                  0x0800028d   Thumb Code     0  libinit2.o(.ARM.Collect$$libinit$$00000019)
    __rt_lib_init_return                     0x0800028d   Thumb Code     0  libinit2.o(.ARM.Collect$$libinit$$00000033)
    __rt_lib_init_signal_1                   0x0800028d   Thumb Code     0  libinit2.o(.ARM.Collect$$libinit$$0000001D)
    __rt_lib_init_stdio_1                    0x0800028d   Thumb Code     0  libinit2.o(.ARM.Collect$$libinit$$00000025)
    __rt_lib_shutdown                        0x0800028f   Thumb Code     0  libshutdown.o(.ARM.Collect$$libshutdown$$00000000)
    __rt_lib_shutdown_cpp_1                  0x08000291   Thumb Code     0  libshutdown2.o(.ARM.Collect$$libshutdown$$00000002)
    __rt_lib_shutdown_fp_trap_1              0x08000291   Thumb Code     0  libshutdown2.o(.ARM.Collect$$libshutdown$$00000007)
    __rt_lib_shutdown_heap_1                 0x08000291   Thumb Code     0  libshutdown2.o(.ARM.Collect$$libshutdown$$0000000F)
    __rt_lib_shutdown_return                 0x08000291   Thumb Code     0  libshutdown2.o(.ARM.Collect$$libshutdown$$00000010)
    __rt_lib_shutdown_signal_1               0x08000291   Thumb Code     0  libshutdown2.o(.ARM.Collect$$libshutdown$$0000000A)
    __rt_lib_shutdown_stdio_1                0x08000291   Thumb Code     0  libshutdown2.o(.ARM.Collect$$libshutdown$$00000004)
    __rt_lib_shutdown_user_alloc_1           0x08000291   Thumb Code     0  libshutdown2.o(.ARM.Collect$$libshutdown$$0000000C)
    __rt_entry                               0x08000293   Thumb Code     0  __rtentry.o(.ARM.Collect$$rtentry$$00000000)
    __rt_entry_presh_1                       0x08000293   Thumb Code     0  __rtentry2.o(.ARM.Collect$$rtentry$$00000002)
    __rt_entry_sh                            0x08000293   Thumb Code     0  __rtentry4.o(.ARM.Collect$$rtentry$$00000004)
    __rt_entry_li                            0x08000299   Thumb Code     0  __rtentry2.o(.ARM.Collect$$rtentry$$0000000A)
    __rt_entry_postsh_1                      0x08000299   Thumb Code     0  __rtentry2.o(.ARM.Collect$$rtentry$$00000009)
    __rt_entry_main                          0x0800029d   Thumb Code     0  __rtentry2.o(.ARM.Collect$$rtentry$$0000000D)
    __rt_entry_postli_1                      0x0800029d   Thumb Code     0  __rtentry2.o(.ARM.Collect$$rtentry$$0000000C)
    __rt_exit                                0x080002a5   Thumb Code     0  rtexit.o(.ARM.Collect$$rtexit$$00000000)
    __rt_exit_ls                             0x080002a7   Thumb Code     0  rtexit2.o(.ARM.Collect$$rtexit$$00000003)
    __rt_exit_prels_1                        0x080002a7   Thumb Code     0  rtexit2.o(.ARM.Collect$$rtexit$$00000002)
    __rt_exit_exit                           0x080002ab   Thumb Code     0  rtexit2.o(.ARM.Collect$$rtexit$$00000004)
    Reset_Handler                            0x080002b1   Thumb Code     8  startup_stm32f429_439xx.o(.text)
    NMI_Handler                              0x080002b9   Thumb Code     2  startup_stm32f429_439xx.o(.text)
    HardFault_Handler                        0x080002bb   Thumb Code     2  startup_stm32f429_439xx.o(.text)
    MemManage_Handler                        0x080002bd   Thumb Code     2  startup_stm32f429_439xx.o(.text)
    BusFault_Handler                         0x080002bf   Thumb Code     2  startup_stm32f429_439xx.o(.text)
    UsageFault_Handler                       0x080002c1   Thumb Code     2  startup_stm32f429_439xx.o(.text)
    SVC_Handler                              0x080002c3   Thumb Code     2  startup_stm32f429_439xx.o(.text)
    DebugMon_Handler                         0x080002c5   Thumb Code     2  startup_stm32f429_439xx.o(.text)
    PendSV_Handler                           0x080002c7   Thumb Code     2  startup_stm32f429_439xx.o(.text)
    ADC_IRQHandler                           0x080002cb   Thumb Code     0  startup_stm32f429_439xx.o(.text)
    CAN1_RX0_IRQHandler                      0x080002cb   Thumb Code     0  startup_stm32f429_439xx.o(.text)
    CAN1_RX1_IRQHandler                      0x080002cb   Thumb Code     0  startup_stm32f429_439xx.o(.text)
    CAN1_SCE_IRQHandler                      0x080002cb   Thumb Code     0  startup_stm32f429_439xx.o(.text)
    CAN1_TX_IRQHandler                       0x080002cb   Thumb Code     0  startup_stm32f429_439xx.o(.text)
    CAN2_RX0_IRQHandler                      0x080002cb   Thumb Code     0  startup_stm32f429_439xx.o(.text)
    CAN2_RX1_IRQHandler                      0x080002cb   Thumb Code     0  startup_stm32f429_439xx.o(.text)
    CAN2_SCE_IRQHandler                      0x080002cb   Thumb Code     0  startup_stm32f429_439xx.o(.text)
    CAN2_TX_IRQHandler                       0x080002cb   Thumb Code     0  startup_stm32f429_439xx.o(.text)
    CRYP_IRQHandler                          0x080002cb   Thumb Code     0  startup_stm32f429_439xx.o(.text)
    DCMI_IRQHandler                          0x080002cb   Thumb Code     0  startup_stm32f429_439xx.o(.text)
    DMA1_Stream0_IRQHandler                  0x080002cb   Thumb Code     0  startup_stm32f429_439xx.o(.text)
    DMA1_Stream1_IRQHandler                  0x080002cb   Thumb Code     0  startup_stm32f429_439xx.o(.text)
    DMA1_Stream2_IRQHandler                  0x080002cb   Thumb Code     0  startup_stm32f429_439xx.o(.text)
    DMA1_Stream3_IRQHandler                  0x080002cb   Thumb Code     0  startup_stm32f429_439xx.o(.text)
    DMA1_Stream4_IRQHandler                  0x080002cb   Thumb Code     0  startup_stm32f429_439xx.o(.text)
    DMA1_Stream5_IRQHandler                  0x080002cb   Thumb Code     0  startup_stm32f429_439xx.o(.text)
    DMA1_Stream6_IRQHandler                  0x080002cb   Thumb Code     0  startup_stm32f429_439xx.o(.text)
    DMA1_Stream7_IRQHandler                  0x080002cb   Thumb Code     0  startup_stm32f429_439xx.o(.text)
    DMA2D_IRQHandler                         0x080002cb   Thumb Code     0  startup_stm32f429_439xx.o(.text)
    DMA2_Stream0_IRQHandler                  0x080002cb   Thumb Code     0  startup_stm32f429_439xx.o(.text)
    DMA2_Stream1_IRQHandler                  0x080002cb   Thumb Code     0  startup_stm32f429_439xx.o(.text)
    DMA2_Stream2_IRQHandler                  0x080002cb   Thumb Code     0  startup_stm32f429_439xx.o(.text)
    DMA2_Stream3_IRQHandler                  0x080002cb   Thumb Code     0  startup_stm32f429_439xx.o(.text)
    DMA2_Stream4_IRQHandler                  0x080002cb   Thumb Code     0  startup_stm32f429_439xx.o(.text)
    DMA2_Stream5_IRQHandler                  0x080002cb   Thumb Code     0  startup_stm32f429_439xx.o(.text)
    DMA2_Stream6_IRQHandler                  0x080002cb   Thumb Code     0  startup_stm32f429_439xx.o(.text)
    DMA2_Stream7_IRQHandler                  0x080002cb   Thumb Code     0  startup_stm32f429_439xx.o(.text)
    ETH_IRQHandler                           0x080002cb   Thumb Code     0  startup_stm32f429_439xx.o(.text)
    ETH_WKUP_IRQHandler                      0x080002cb   Thumb Code     0  startup_stm32f429_439xx.o(.text)
    EXTI0_IRQHandler                         0x080002cb   Thumb Code     0  startup_stm32f429_439xx.o(.text)
    EXTI15_10_IRQHandler                     0x080002cb   Thumb Code     0  startup_stm32f429_439xx.o(.text)
    EXTI1_IRQHandler                         0x080002cb   Thumb Code     0  startup_stm32f429_439xx.o(.text)
    EXTI2_IRQHandler                         0x080002cb   Thumb Code     0  startup_stm32f429_439xx.o(.text)
    EXTI3_IRQHandler                         0x080002cb   Thumb Code     0  startup_stm32f429_439xx.o(.text)
    EXTI4_IRQHandler                         0x080002cb   Thumb Code     0  startup_stm32f429_439xx.o(.text)
    FLASH_IRQHandler                         0x080002cb   Thumb Code     0  startup_stm32f429_439xx.o(.text)
    FMC_IRQHandler                           0x080002cb   Thumb Code     0  startup_stm32f429_439xx.o(.text)
    FPU_IRQHandler                           0x080002cb   Thumb Code     0  startup_stm32f429_439xx.o(.text)
    HASH_RNG_IRQHandler                      0x080002cb   Thumb Code     0  startup_stm32f429_439xx.o(.text)
    I2C1_ER_IRQHandler                       0x080002cb   Thumb Code     0  startup_stm32f429_439xx.o(.text)
    I2C1_EV_IRQHandler                       0x080002cb   Thumb Code     0  startup_stm32f429_439xx.o(.text)
    I2C2_ER_IRQHandler                       0x080002cb   Thumb Code     0  startup_stm32f429_439xx.o(.text)
    I2C2_EV_IRQHandler                       0x080002cb   Thumb Code     0  startup_stm32f429_439xx.o(.text)
    I2C3_ER_IRQHandler                       0x080002cb   Thumb Code     0  startup_stm32f429_439xx.o(.text)
    I2C3_EV_IRQHandler                       0x080002cb   Thumb Code     0  startup_stm32f429_439xx.o(.text)
    LTDC_ER_IRQHandler                       0x080002cb   Thumb Code     0  startup_stm32f429_439xx.o(.text)
    LTDC_IRQHandler                          0x080002cb   Thumb Code     0  startup_stm32f429_439xx.o(.text)
    OTG_FS_IRQHandler                        0x080002cb   Thumb Code     0  startup_stm32f429_439xx.o(.text)
    OTG_FS_WKUP_IRQHandler                   0x080002cb   Thumb Code     0  startup_stm32f429_439xx.o(.text)
    OTG_HS_EP1_IN_IRQHandler                 0x080002cb   Thumb Code     0  startup_stm32f429_439xx.o(.text)
    OTG_HS_EP1_OUT_IRQHandler                0x080002cb   Thumb Code     0  startup_stm32f429_439xx.o(.text)
    OTG_HS_IRQHandler                        0x080002cb   Thumb Code     0  startup_stm32f429_439xx.o(.text)
    OTG_HS_WKUP_IRQHandler                   0x080002cb   Thumb Code     0  startup_stm32f429_439xx.o(.text)
    PVD_IRQHandler                           0x080002cb   Thumb Code     0  startup_stm32f429_439xx.o(.text)
    RCC_IRQHandler                           0x080002cb   Thumb Code     0  startup_stm32f429_439xx.o(.text)
    RTC_Alarm_IRQHandler                     0x080002cb   Thumb Code     0  startup_stm32f429_439xx.o(.text)
    RTC_WKUP_IRQHandler                      0x080002cb   Thumb Code     0  startup_stm32f429_439xx.o(.text)
    SAI1_IRQHandler                          0x080002cb   Thumb Code     0  startup_stm32f429_439xx.o(.text)
    SDIO_IRQHandler                          0x080002cb   Thumb Code     0  startup_stm32f429_439xx.o(.text)
    SPI1_IRQHandler                          0x080002cb   Thumb Code     0  startup_stm32f429_439xx.o(.text)
    SPI2_IRQHandler                          0x080002cb   Thumb Code     0  startup_stm32f429_439xx.o(.text)
    SPI3_IRQHandler                          0x080002cb   Thumb Code     0  startup_stm32f429_439xx.o(.text)
    SPI4_IRQHandler                          0x080002cb   Thumb Code     0  startup_stm32f429_439xx.o(.text)
    SPI5_IRQHandler                          0x080002cb   Thumb Code     0  startup_stm32f429_439xx.o(.text)
    SPI6_IRQHandler                          0x080002cb   Thumb Code     0  startup_stm32f429_439xx.o(.text)
    TAMP_STAMP_IRQHandler                    0x080002cb   Thumb Code     0  startup_stm32f429_439xx.o(.text)
    TIM1_BRK_TIM9_IRQHandler                 0x080002cb   Thumb Code     0  startup_stm32f429_439xx.o(.text)
    TIM1_CC_IRQHandler                       0x080002cb   Thumb Code     0  startup_stm32f429_439xx.o(.text)
    TIM1_TRG_COM_TIM11_IRQHandler            0x080002cb   Thumb Code     0  startup_stm32f429_439xx.o(.text)
    TIM1_UP_TIM10_IRQHandler                 0x080002cb   Thumb Code     0  startup_stm32f429_439xx.o(.text)
    TIM4_IRQHandler                          0x080002cb   Thumb Code     0  startup_stm32f429_439xx.o(.text)
    TIM5_IRQHandler                          0x080002cb   Thumb Code     0  startup_stm32f429_439xx.o(.text)
    TIM6_DAC_IRQHandler                      0x080002cb   Thumb Code     0  startup_stm32f429_439xx.o(.text)
    TIM7_IRQHandler                          0x080002cb   Thumb Code     0  startup_stm32f429_439xx.o(.text)
    TIM8_BRK_TIM12_IRQHandler                0x080002cb   Thumb Code     0  startup_stm32f429_439xx.o(.text)
    TIM8_CC_IRQHandler                       0x080002cb   Thumb Code     0  startup_stm32f429_439xx.o(.text)
    TIM8_TRG_COM_TIM14_IRQHandler            0x080002cb   Thumb Code     0  startup_stm32f429_439xx.o(.text)
    TIM8_UP_TIM13_IRQHandler                 0x080002cb   Thumb Code     0  startup_stm32f429_439xx.o(.text)
    WWDG_IRQHandler                          0x080002cb   Thumb Code     0  startup_stm32f429_439xx.o(.text)
    __user_initial_stackheap                 0x080002cd   Thumb Code     0  startup_stm32f429_439xx.o(.text)
    __2sprintf                               0x080002f1   Thumb Code    34  noretval__2sprintf.o(.text)
    _printf_pre_padding                      0x08000319   Thumb Code    44  _printf_pad.o(.text)
    _printf_post_padding                     0x08000345   Thumb Code    34  _printf_pad.o(.text)
    _printf_int_dec                          0x08000369   Thumb Code   104  _printf_dec.o(.text)
    _printf_int_hex                          0x080003e1   Thumb Code    84  _printf_hex_int.o(.text)
    _printf_longlong_hex                     0x080003e1   Thumb Code     0  _printf_hex_int.o(.text)
    __printf                                 0x08000439   Thumb Code   308  __printf_flags_wp.o(.text)
    __use_two_region_memory                  0x08000571   Thumb Code     2  heapauxi.o(.text)
    __rt_heap_escrow                         0x08000573   Thumb Code     2  heapauxi.o(.text)
    __rt_heap_expand                         0x08000575   Thumb Code     2  heapauxi.o(.text)
    _printf_int_common                       0x08000577   Thumb Code   178  _printf_intcommon.o(.text)
    __lib_sel_fp_printf                      0x08000629   Thumb Code     2  _printf_fp_dec.o(.text)
    _printf_fp_dec_real                      0x080007db   Thumb Code   620  _printf_fp_dec.o(.text)
    _printf_char_common                      0x08000a53   Thumb Code    32  _printf_char_common.o(.text)
    _sputc                                   0x08000a79   Thumb Code    10  _sputc.o(.text)
    __user_libspace                          0x08000a85   Thumb Code     8  libspace.o(.text)
    __user_perproc_libspace                  0x08000a85   Thumb Code     0  libspace.o(.text)
    __user_perthread_libspace                0x08000a85   Thumb Code     0  libspace.o(.text)
    __rt_locale                              0x08000a8d   Thumb Code     8  rt_locale_intlibspace.o(.text)
    _ll_udiv10                               0x08000a95   Thumb Code   138  lludiv10.o(.text)
    _printf_fp_infnan                        0x08000b21   Thumb Code   112  _printf_fp_infnan.o(.text)
    _btod_etento                             0x08000ba1   Thumb Code   224  bigflt0.o(.text)
    __I$use$semihosting                      0x08000c85   Thumb Code     0  use_no_semi.o(.text)
    __use_no_semihosting_swi                 0x08000c85   Thumb Code     2  use_no_semi.o(.text)
    __semihosting_library_function           0x08000c87   Thumb Code     0  indicate_semi.o(.text)
    __user_setup_stackheap                   0x08000c87   Thumb Code    74  sys_stackheap_outer.o(.text)
    exit                                     0x08000cd1   Thumb Code    18  exit.o(.text)
    strcmp                                   0x08000ce5   Thumb Code   128  strcmpv7m.o(.text)
    _sys_exit                                0x08000d65   Thumb Code     8  sys_exit.o(.text)
    _btod_d2e                                0x08000d71   Thumb Code    62  btod.o(CL$$btod_d2e)
    _d2e_denorm_low                          0x08000daf   Thumb Code    70  btod.o(CL$$btod_d2e_denorm_low)
    _d2e_norm_op1                            0x08000df5   Thumb Code    96  btod.o(CL$$btod_d2e_norm_op1)
    __btod_div_common                        0x08000e55   Thumb Code   696  btod.o(CL$$btod_div_common)
    _e2e                                     0x0800118d   Thumb Code   220  btod.o(CL$$btod_e2e)
    _btod_ediv                               0x08001269   Thumb Code    42  btod.o(CL$$btod_ediv)
    _btod_emul                               0x08001293   Thumb Code    42  btod.o(CL$$btod_emul)
    __btod_mult_common                       0x080012bd   Thumb Code   580  btod.o(CL$$btod_mult_common)
    ADC_Cmd                                  0x08001501   Thumb Code    22  stm32f4xx_adc.o(i.ADC_Cmd)
    ADC_CommonInit                           0x08001519   Thumb Code    34  stm32f4xx_adc.o(i.ADC_CommonInit)
    ADC_DMACmd                               0x08001549   Thumb Code    22  stm32f4xx_adc.o(i.ADC_DMACmd)
    ADC_DMARequestAfterLastTransferCmd       0x0800155f   Thumb Code    22  stm32f4xx_adc.o(i.ADC_DMARequestAfterLastTransferCmd)
    ADC_Init                                 0x08001575   Thumb Code    74  stm32f4xx_adc.o(i.ADC_Init)
    ADC_RegularChannelConfig                 0x080015c9   Thumb Code   184  stm32f4xx_adc.o(i.ADC_RegularChannelConfig)
    ADC_SoftwareStartConv                    0x08001681   Thumb Code    10  stm32f4xx_adc.o(i.ADC_SoftwareStartConv)
    DMA_Cmd                                  0x0800168b   Thumb Code    22  stm32f4xx_dma.o(i.DMA_Cmd)
    DMA_Init                                 0x080016a1   Thumb Code    82  stm32f4xx_dma.o(i.DMA_Init)
    EXTI9_5_IRQHandler                       0x08001775   Thumb Code    28  main.o(i.EXTI9_5_IRQHandler)
    EXTI_ClearITPendingBit                   0x08001795   Thumb Code     6  stm32f4xx_exti.o(i.EXTI_ClearITPendingBit)
    EXTI_GetITStatus                         0x080017a1   Thumb Code    20  stm32f4xx_exti.o(i.EXTI_GetITStatus)
    EXTI_II                                  0x080017b9   Thumb Code   120  main.o(i.EXTI_II)
    EXTI_Init                                0x08001835   Thumb Code   142  stm32f4xx_exti.o(i.EXTI_Init)
    EkranDevirHiz                            0x080018c9   Thumb Code   868  main.o(i.EkranDevirHiz)
    EkranGonder                              0x08001c89   Thumb Code    64  main.o(i.EkranGonder)
    EkranGonderInt                           0x08001ccd   Thumb Code    48  main.o(i.EkranGonderInt)
    GPIOA_Init                               0x08001d01   Thumb Code    46  main.o(i.GPIOA_Init)
    GPIOB_Init                               0x08001d35   Thumb Code    44  main.o(i.GPIOB_Init)
    GPIOC_Init                               0x08001d65   Thumb Code    46  main.o(i.GPIOC_Init)
    GPIOD_Init_OUTPUT                        0x08001d99   Thumb Code    48  main.o(i.GPIOD_Init_OUTPUT)
    GPIOE_Init_DInput                        0x08001dcd   Thumb Code    50  main.o(i.GPIOE_Init_DInput)
    GPIOF_Init                               0x08001e05   Thumb Code    48  main.o(i.GPIOF_Init)
    GPIOF_Init_DInput                        0x08001e39   Thumb Code    50  main.o(i.GPIOF_Init_DInput)
    GPIOG_Disable_OUTPUT                     0x08001e71   Thumb Code    46  main.o(i.GPIOG_Disable_OUTPUT)
    GPIOG_Init_DInput                        0x08001ea5   Thumb Code    48  main.o(i.GPIOG_Init_DInput)
    GPIOG_Init_OUTPUT                        0x08001ed9   Thumb Code    46  main.o(i.GPIOG_Init_OUTPUT)
    GPIO_Init                                0x08001f0d   Thumb Code   144  stm32f4xx_gpio.o(i.GPIO_Init)
    GPIO_PinAFConfig                         0x08001f9d   Thumb Code    70  stm32f4xx_gpio.o(i.GPIO_PinAFConfig)
    GPIO_ReadInputDataBit                    0x08001fe3   Thumb Code    18  stm32f4xx_gpio.o(i.GPIO_ReadInputDataBit)
    GPIO_ResetBits                           0x08001ff5   Thumb Code     4  stm32f4xx_gpio.o(i.GPIO_ResetBits)
    GPIO_SetBits                             0x08001ff9   Thumb Code     4  stm32f4xx_gpio.o(i.GPIO_SetBits)
    GPIO_USARTConf                           0x08001ffd   Thumb Code   118  main.o(i.GPIO_USARTConf)
    Hiz                                      0x08002081   Thumb Code   102  main.o(i.Hiz)
    Init_ADC1                                0x080020e9   Thumb Code   138  main.o(i.Init_ADC1)
    Init_ADC2                                0x08002179   Thumb Code   198  main.o(i.Init_ADC2)
    Init_ADC3                                0x08002245   Thumb Code   186  main.o(i.Init_ADC3)
    Init_DMA2_CH0_ADC1                       0x08002305   Thumb Code    92  main.o(i.Init_DMA2_CH0_ADC1)
    Init_DMA2_CH1_ADC2                       0x0800236d   Thumb Code    94  main.o(i.Init_DMA2_CH1_ADC2)
    Init_DMA2_CH2_ADC3                       0x080023d9   Thumb Code    94  main.o(i.Init_DMA2_CH2_ADC3)
    NVIC_Init                                0x08002445   Thumb Code   106  misc.o(i.NVIC_Init)
    RCC_AHB1PeriphClockCmd                   0x080024bd   Thumb Code    26  stm32f4xx_rcc.o(i.RCC_AHB1PeriphClockCmd)
    RCC_APB1PeriphClockCmd                   0x080024dd   Thumb Code    26  stm32f4xx_rcc.o(i.RCC_APB1PeriphClockCmd)
    RCC_APB1PeriphResetCmd                   0x080024fd   Thumb Code    26  stm32f4xx_rcc.o(i.RCC_APB1PeriphResetCmd)
    RCC_APB2PeriphClockCmd                   0x0800251d   Thumb Code    26  stm32f4xx_rcc.o(i.RCC_APB2PeriphClockCmd)
    RCC_APB2PeriphResetCmd                   0x0800253d   Thumb Code    26  stm32f4xx_rcc.o(i.RCC_APB2PeriphResetCmd)
    RCC_GetClocksFreq                        0x0800255d   Thumb Code   214  stm32f4xx_rcc.o(i.RCC_GetClocksFreq)
    RCC_GetFlagStatus                        0x08002645   Thumb Code    60  stm32f4xx_rcc.o(i.RCC_GetFlagStatus)
    RCC_HSEConfig                            0x08002685   Thumb Code    12  stm32f4xx_rcc.o(i.RCC_HSEConfig)
    RCC_WaitForHSEStartUp                    0x08002695   Thumb Code    56  stm32f4xx_rcc.o(i.RCC_WaitForHSEStartUp)
    SYSCFG_EXTILineConfig                    0x080026cd   Thumb Code    60  stm32f4xx_syscfg.o(i.SYSCFG_EXTILineConfig)
    SysTick_Handler                          0x0800282d   Thumb Code   162  tm_stm32f4_delay.o(i.SysTick_Handler)
    SystemInit                               0x080028dd   Thumb Code    88  system_stm32f4xx.o(i.SystemInit)
    TIM2_IRQHandler                          0x08002945   Thumb Code    36  main.o(i.TIM2_IRQHandler)
    TIM3_IRQHandler                          0x08002971   Thumb Code   188  main.o(i.TIM3_IRQHandler)
    TIM_ClearITPendingBit                    0x08002a59   Thumb Code     6  stm32f4xx_tim.o(i.TIM_ClearITPendingBit)
    TIM_Cmd                                  0x08002a5f   Thumb Code    24  stm32f4xx_tim.o(i.TIM_Cmd)
    TIM_GetITStatus                          0x08002a77   Thumb Code    34  stm32f4xx_tim.o(i.TIM_GetITStatus)
    TIM_ITConfig                             0x08002a99   Thumb Code    18  stm32f4xx_tim.o(i.TIM_ITConfig)
    TIM_TimeBaseInit                         0x08002aad   Thumb Code   104  stm32f4xx_tim.o(i.TIM_TimeBaseInit)
    TM_DELAY_Init                            0x08002b31   Thumb Code   110  tm_stm32f4_delay.o(i.TM_DELAY_Init)
    TM_DS18B20_AllDone                       0x08002bb9   Thumb Code    12  tm_stm32f4_ds18b20.o(i.TM_DS18B20_AllDone)
    TM_DS18B20_Is                            0x08002bc5   Thumb Code    16  tm_stm32f4_ds18b20.o(i.TM_DS18B20_Is)
    TM_DS18B20_Read                          0x08002bd5   Thumb Code   374  tm_stm32f4_ds18b20.o(i.TM_DS18B20_Read)
    TM_DS18B20_SetResolution                 0x08002d59   Thumb Code   208  tm_stm32f4_ds18b20.o(i.TM_DS18B20_SetResolution)
    TM_DS18B20_StartAll                      0x08002e29   Thumb Code    28  tm_stm32f4_ds18b20.o(i.TM_DS18B20_StartAll)
    TM_GPIO_GetPortSource                    0x08002e45   Thumb Code    14  tm_stm32f4_gpio.o(i.TM_GPIO_GetPortSource)
    TM_GPIO_INT_EnableClock                  0x08002e55   Thumb Code    28  tm_stm32f4_gpio.o(i.TM_GPIO_INT_EnableClock)
    TM_GPIO_INT_Init                         0x08002e75   Thumb Code   170  tm_stm32f4_gpio.o(i.TM_GPIO_INT_Init)
    TM_GPIO_Init                             0x08002f25   Thumb Code    48  tm_stm32f4_gpio.o(i.TM_GPIO_Init)
    TM_GPIO_InitAlternate                    0x08002f55   Thumb Code   110  tm_stm32f4_gpio.o(i.TM_GPIO_InitAlternate)
    TM_GPIO_SetPinAsInput                    0x08002fc3   Thumb Code    38  tm_stm32f4_gpio.o(i.TM_GPIO_SetPinAsInput)
    TM_GPIO_SetPinAsOutput                   0x08002fe9   Thumb Code    46  tm_stm32f4_gpio.o(i.TM_GPIO_SetPinAsOutput)
    TM_OneWire_CRC8                          0x08003017   Thumb Code    56  tm_stm32f4_onewire.o(i.TM_OneWire_CRC8)
    TM_OneWire_First                         0x0800304f   Thumb Code    20  tm_stm32f4_onewire.o(i.TM_OneWire_First)
    TM_OneWire_GetFullROM                    0x08003063   Thumb Code    24  tm_stm32f4_onewire.o(i.TM_OneWire_GetFullROM)
    TM_OneWire_Init                          0x0800307b   Thumb Code    36  tm_stm32f4_onewire.o(i.TM_OneWire_Init)
    TM_OneWire_Next                          0x0800309f   Thumb Code    14  tm_stm32f4_onewire.o(i.TM_OneWire_Next)
    TM_OneWire_ReadBit                       0x080030ad   Thumb Code    70  tm_stm32f4_onewire.o(i.TM_OneWire_ReadBit)
    TM_OneWire_ReadByte                      0x080030f3   Thumb Code    38  tm_stm32f4_onewire.o(i.TM_OneWire_ReadByte)
    TM_OneWire_Reset                         0x08003119   Thumb Code    70  tm_stm32f4_onewire.o(i.TM_OneWire_Reset)
    TM_OneWire_ResetSearch                   0x0800315f   Thumb Code    10  tm_stm32f4_onewire.o(i.TM_OneWire_ResetSearch)
    TM_OneWire_Search                        0x08003169   Thumb Code   264  tm_stm32f4_onewire.o(i.TM_OneWire_Search)
    TM_OneWire_SelectWithPointer             0x08003271   Thumb Code    36  tm_stm32f4_onewire.o(i.TM_OneWire_SelectWithPointer)
    TM_OneWire_WriteBit                      0x08003295   Thumb Code    96  tm_stm32f4_onewire.o(i.TM_OneWire_WriteBit)
    TM_OneWire_WriteByte                     0x080032f5   Thumb Code    34  tm_stm32f4_onewire.o(i.TM_OneWire_WriteByte)
    TM_UART4_InitPins                        0x08003319   Thumb Code    62  tm_stm32f4_usart.o(i.TM_UART4_InitPins)
    TM_UART5_InitPins                        0x08003365   Thumb Code    60  tm_stm32f4_usart.o(i.TM_UART5_InitPins)
    TM_UART7_InitPins                        0x080033ad   Thumb Code    64  tm_stm32f4_usart.o(i.TM_UART7_InitPins)
    TM_UART8_InitPins                        0x080033f9   Thumb Code    38  tm_stm32f4_usart.o(i.TM_UART8_InitPins)
    TM_USART1_InitPins                       0x08003429   Thumb Code    64  tm_stm32f4_usart.o(i.TM_USART1_InitPins)
    TM_USART2_InitPins                       0x08003475   Thumb Code    64  tm_stm32f4_usart.o(i.TM_USART2_InitPins)
    TM_USART3_InitPins                       0x080034c1   Thumb Code    88  tm_stm32f4_usart.o(i.TM_USART3_InitPins)
    TM_USART6_InitPins                       0x08003529   Thumb Code    66  tm_stm32f4_usart.o(i.TM_USART6_InitPins)
    TM_USART_INT_GetSubPriority              0x08003579   Thumb Code    68  tm_stm32f4_usart.o(i.TM_USART_INT_GetSubPriority)
    TM_USART_INT_GetUsart                    0x080035dd   Thumb Code    68  tm_stm32f4_usart.o(i.TM_USART_INT_GetUsart)
    TM_USART_INT_InsertToBuffer              0x08003835   Thumb Code    40  tm_stm32f4_usart.o(i.TM_USART_INT_InsertToBuffer)
    TM_USART_Init                            0x0800385d   Thumb Code   250  tm_stm32f4_usart.o(i.TM_USART_Init)
    TM_USART_InitCustomPinsCallback          0x08003979   Thumb Code     2  tm_stm32f4_usart.o(i.TM_USART_InitCustomPinsCallback)
    TM_USART_Puts                            0x080039ad   Thumb Code    70  tm_stm32f4_usart.o(i.TM_USART_Puts)
    UART4_IRQHandler                         0x080039f5   Thumb Code    28  tm_stm32f4_usart.o(i.UART4_IRQHandler)
    UART5_IRQHandler                         0x08003a19   Thumb Code    26  tm_stm32f4_usart.o(i.UART5_IRQHandler)
    UART7_IRQHandler                         0x08003a3d   Thumb Code    28  tm_stm32f4_usart.o(i.UART7_IRQHandler)
    UART8_IRQHandler                         0x08003a61   Thumb Code    28  tm_stm32f4_usart.o(i.UART8_IRQHandler)
    USART1_IRQHandler                        0x08003a85   Thumb Code    26  tm_stm32f4_usart.o(i.USART1_IRQHandler)
    USART2_IRQHandler                        0x08003aa9   Thumb Code    28  tm_stm32f4_usart.o(i.USART2_IRQHandler)
    USART3_IRQHandler                        0x08003acd   Thumb Code    28  tm_stm32f4_usart.o(i.USART3_IRQHandler)
    USART6_IRQHandler                        0x08003af1   Thumb Code    28  tm_stm32f4_usart.o(i.USART6_IRQHandler)
    USART_Cmd                                0x08003b15   Thumb Code    24  stm32f4xx_usart.o(i.USART_Cmd)
    USART_DeInit                             0x08003b2d   Thumb Code   206  stm32f4xx_usart.o(i.USART_DeInit)
    USART_Init                               0x08003c1d   Thumb Code   204  stm32f4xx_usart.o(i.USART_Init)
    __ARM_fpclassify                         0x08003cf1   Thumb Code    48  fpclassify.o(i.__ARM_fpclassify)
    _is_digit                                0x08003d21   Thumb Code    14  __printf_wp.o(i._is_digit)
    akimKesme                                0x08003d31   Thumb Code   100  main.o(i.akimKesme)
    bataryaYuzde                             0x08003d99   Thumb Code    92  main.o(i.bataryaYuzde)
    gerilimCikarim                           0x08003e15   Thumb Code   424  main.o(i.gerilimCikarim)
    gerilimFiltre                            0x08003fc5   Thumb Code   140  main.o(i.gerilimFiltre)
    gerilimHesabiSon                         0x08004051   Thumb Code   824  main.o(i.gerilimHesabiSon)
    hareketliOrtalama                        0x08004411   Thumb Code   464  main.o(i.hareketliOrtalama)
    main                                     0x08004609   Thumb Code  3270  main.o(i.main)
    powerHesap                               0x08005369   Thumb Code    14  main.o(i.powerHesap)
    telemetri                                0x08005379   Thumb Code  1226  main.o(i.telemetri)
    _get_lc_numeric                          0x080058a9   Thumb Code    44  lc_numeric_c.o(locale$$code)
    __aeabi_d2f                              0x080058d5   Thumb Code     0  d2f.o(x$fpl$d2f)
    _d2f                                     0x080058d5   Thumb Code    98  d2f.o(x$fpl$d2f)
    __aeabi_dadd                             0x08005939   Thumb Code     0  daddsub_clz.o(x$fpl$dadd)
    _dadd                                    0x08005939   Thumb Code   332  daddsub_clz.o(x$fpl$dadd)
    __aeabi_ddiv                             0x08005a89   Thumb Code     0  ddiv.o(x$fpl$ddiv)
    _ddiv                                    0x08005a89   Thumb Code   552  ddiv.o(x$fpl$ddiv)
    __aeabi_d2iz                             0x08005d39   Thumb Code     0  dfix.o(x$fpl$dfix)
    _dfix                                    0x08005d39   Thumb Code    94  dfix.o(x$fpl$dfix)
    __aeabi_d2uiz                            0x08005d99   Thumb Code     0  dfixu.o(x$fpl$dfixu)
    _dfixu                                   0x08005d99   Thumb Code    90  dfixu.o(x$fpl$dfixu)
    __aeabi_i2d                              0x08005df3   Thumb Code     0  dflt_clz.o(x$fpl$dflt)
    _dflt                                    0x08005df3   Thumb Code    46  dflt_clz.o(x$fpl$dflt)
    __aeabi_ui2d                             0x08005e21   Thumb Code     0  dflt_clz.o(x$fpl$dfltu)
    _dfltu                                   0x08005e21   Thumb Code    38  dflt_clz.o(x$fpl$dfltu)
    __aeabi_dmul                             0x08005e49   Thumb Code     0  dmul.o(x$fpl$dmul)
    _dmul                                    0x08005e49   Thumb Code   332  dmul.o(x$fpl$dmul)
    __fpl_dnaninf                            0x08005f9d   Thumb Code   156  dnaninf.o(x$fpl$dnaninf)
    __fpl_dretinf                            0x08006039   Thumb Code    12  dretinf.o(x$fpl$dretinf)
    __aeabi_dsub                             0x08006045   Thumb Code     0  daddsub_clz.o(x$fpl$dsub)
    _dsub                                    0x08006045   Thumb Code   464  daddsub_clz.o(x$fpl$dsub)
    __aeabi_f2d                              0x08006219   Thumb Code     0  f2d.o(x$fpl$f2d)
    _f2d                                     0x08006219   Thumb Code    86  f2d.o(x$fpl$f2d)
    __fpl_fnaninf                            0x0800626f   Thumb Code   140  fnaninf.o(x$fpl$fnaninf)
    _fp_init                                 0x080062fb   Thumb Code    10  fpinit.o(x$fpl$fpinit)
    __fplib_config_fpu_vfp                   0x08006303   Thumb Code     0  fpinit.o(x$fpl$fpinit)
    __fplib_config_pureend_doubles           0x08006303   Thumb Code     0  fpinit.o(x$fpl$fpinit)
    __fpl_fretinf                            0x08006305   Thumb Code    10  fretinf.o(x$fpl$fretinf)
    _printf_fp_dec                           0x0800630f   Thumb Code     4  printf1.o(x$fpl$printf1)
    __I$use$fp                               0x08006312   Number         0  usenofp.o(x$fpl$usenofp)
    Region$$Table$$Base                      0x080064c4   Number         0  anon$$obj.o(Region$$Table)
    Region$$Table$$Limit                     0x080064e4   Number         0  anon$$obj.o(Region$$Table)
    buton                                    0x20000000   Data           1  main.o(.data)
    buton2                                   0x20000001   Data           1  main.o(.data)
    buton3                                   0x20000002   Data           1  main.o(.data)
    butondurum1                              0x20000003   Data           1  main.o(.data)
    power                                    0x20000004   Data           4  main.o(.data)
    akim                                     0x20000008   Data           4  main.o(.data)
    finalcurrent                             0x2000000c   Data           4  main.o(.data)
    akimAdcBuffer                            0x20000010   Data           4  main.o(.data)
    stabilAkim                               0x20000014   Data           4  main.o(.data)
    deger                                    0x20000018   Data           4  main.o(.data)
    wastedPower                              0x2000001c   Data           4  main.o(.data)
    batteryAh                                0x20000020   Data           4  main.o(.data)
    akmMaxGerilim                            0x20000024   Data           4  main.o(.data)
    ccc                                      0x20000028   Data           4  main.o(.data)
    rpm                                      0x2000002c   Data           2  main.o(.data)
    speed                                    0x2000002e   Data           1  main.o(.data)
    sayac                                    0x20000030   Data           2  main.o(.data)
    timer                                    0x20000032   Data           2  main.o(.data)
    ADC1_ValArray                            0x20000034   Data           8  main.o(.data)
    totalVoltage                             0x2000003c   Data           4  main.o(.data)
    bataryaYuzdesi                           0x20000040   Data           4  main.o(.data)
    c1                                       0x20000044   Data           4  main.o(.data)
    c2                                       0x20000048   Data           4  main.o(.data)
    c3                                       0x2000004c   Data           4  main.o(.data)
    c4                                       0x20000050   Data           4  main.o(.data)
    c5                                       0x20000054   Data           4  main.o(.data)
    c6                                       0x20000058   Data           4  main.o(.data)
    c7                                       0x2000005c   Data           4  main.o(.data)
    c8                                       0x20000060   Data           4  main.o(.data)
    c9                                       0x20000064   Data           4  main.o(.data)
    c10                                      0x20000068   Data           4  main.o(.data)
    c11                                      0x2000006c   Data           4  main.o(.data)
    c12                                      0x20000070   Data           4  main.o(.data)
    c13                                      0x20000074   Data           4  main.o(.data)
    c14                                      0x20000078   Data           4  main.o(.data)
    c15                                      0x2000007c   Data           4  main.o(.data)
    c16                                      0x20000080   Data           4  main.o(.data)
    c17                                      0x20000084   Data           4  main.o(.data)
    c18                                      0x20000088   Data           4  main.o(.data)
    totalTemp                                0x2000008c   Data           4  main.o(.data)
    avarageTemp                              0x20000090   Data           4  main.o(.data)
    topTempBuffer                            0x20000094   Data           4  main.o(.data)
    i                                        0x20000098   Data           1  main.o(.data)
    j                                        0x20000099   Data           1  main.o(.data)
    k                                        0x2000009a   Data           1  main.o(.data)
    devices                                  0x2000009b   Data           1  main.o(.data)
    t                                        0x2000009c   Data           1  main.o(.data)
    y                                        0x2000009d   Data           1  main.o(.data)
    count                                    0x2000009e   Data           1  main.o(.data)
    alarm_count                              0x2000009f   Data           1  main.o(.data)
    devicesM                                 0x200000a0   Data           1  main.o(.data)
    tM                                       0x200000a1   Data           1  main.o(.data)
    yM                                       0x200000a2   Data           1  main.o(.data)
    countM                                   0x200000a3   Data           1  main.o(.data)
    alarm_countM                             0x200000a4   Data           1  main.o(.data)
    deviceM                                  0x200000a5   Data           8  main.o(.data)
    alarm_deviceM                            0x200000ad   Data           8  main.o(.data)
    tempsM                                   0x200000b8   Data           4  main.o(.data)
    avg                                      0x200000bc   Data           4  main.o(.data)
    val1                                     0x200000c0   Data           4  main.o(.data)
    val2                                     0x200000c4   Data           4  main.o(.data)
    val3                                     0x200000c8   Data           4  main.o(.data)
    val4                                     0x200000cc   Data           4  main.o(.data)
    val5                                     0x200000d0   Data           4  main.o(.data)
    val6                                     0x200000d4   Data           4  main.o(.data)
    val7                                     0x200000d8   Data           4  main.o(.data)
    val8                                     0x200000dc   Data           4  main.o(.data)
    val9                                     0x200000e0   Data           4  main.o(.data)
    val10                                    0x200000e4   Data           4  main.o(.data)
    val11                                    0x200000e8   Data           4  main.o(.data)
    val12                                    0x200000ec   Data           4  main.o(.data)
    val13                                    0x200000f0   Data           4  main.o(.data)
    val14                                    0x200000f4   Data           4  main.o(.data)
    val15                                    0x200000f8   Data           4  main.o(.data)
    val16                                    0x200000fc   Data           4  main.o(.data)
    val17                                    0x20000100   Data           4  main.o(.data)
    val18                                    0x20000104   Data           4  main.o(.data)
    val19                                    0x20000108   Data           4  main.o(.data)
    m                                        0x2000010c   Data           4  main.o(.data)
    d                                        0x20000110   Data           4  main.o(.data)
    hc                                       0x20000114   Data           4  main.o(.data)
    TM_USART1                                0x20000118   Data          16  tm_stm32f4_usart.o(.data)
    TM_USART2                                0x20000128   Data          16  tm_stm32f4_usart.o(.data)
    TM_USART3                                0x20000138   Data          16  tm_stm32f4_usart.o(.data)
    TM_UART4                                 0x20000148   Data          16  tm_stm32f4_usart.o(.data)
    TM_UART5                                 0x20000158   Data          16  tm_stm32f4_usart.o(.data)
    TM_USART6                                0x20000168   Data          16  tm_stm32f4_usart.o(.data)
    TM_UART7                                 0x20000178   Data          16  tm_stm32f4_usart.o(.data)
    TM_UART8                                 0x20000188   Data          16  tm_stm32f4_usart.o(.data)
    TM_TimingDelay                           0x20000198   Data           4  tm_stm32f4_delay.o(.data)
    TM_Time                                  0x2000019c   Data           4  tm_stm32f4_delay.o(.data)
    TM_Time2                                 0x200001a0   Data           4  tm_stm32f4_delay.o(.data)
    mult                                     0x200001a4   Data           4  tm_stm32f4_delay.o(.data)
    TM_DELAY_Initialized                     0x200001a8   Data           1  tm_stm32f4_delay.o(.data)
    SystemCoreClock                          0x200001bc   Data           4  system_stm32f4xx.o(.data)
    AHBPrescTable                            0x200001c0   Data          16  system_stm32f4xx.o(.data)
    arayuz                                   0x200001d0   Data          30  main.o(.bss)
    powerBuffer                              0x200001ee   Data          10  main.o(.bss)
    akimBuffer                               0x200001f8   Data          10  main.o(.bss)
    wastedPowerBuffer                        0x20000202   Data          10  main.o(.bss)
    verim                                    0x2000020c   Data          20  main.o(.bss)
    devir                                    0x20000220   Data          12  main.o(.bss)
    hiz                                      0x2000022c   Data          20  main.o(.bss)
    maxGerilimBuffer                         0x20000240   Data          10  main.o(.bss)
    ADC2_ValArray                            0x2000024a   Data          18  main.o(.bss)
    ADC3_ValArray                            0x2000025c   Data          16  main.o(.bss)
    VoltageValue                             0x2000026c   Data          72  main.o(.bss)
    reelVoltage                              0x200002b4   Data          72  main.o(.bss)
    bataryaYuzdesiBuffer                     0x200002fc   Data          10  main.o(.bss)
    voltageBuffer1                           0x20000308   Data          40  main.o(.bss)
    voltageBuffer2                           0x20000330   Data          40  main.o(.bss)
    voltageBuffer3                           0x20000358   Data          40  main.o(.bss)
    voltageBuffer4                           0x20000380   Data          40  main.o(.bss)
    voltageBuffer5                           0x200003a8   Data          40  main.o(.bss)
    voltageBuffer6                           0x200003d0   Data          40  main.o(.bss)
    voltageBuffer7                           0x200003f8   Data          40  main.o(.bss)
    voltageBuffer8                           0x20000420   Data          40  main.o(.bss)
    voltageBuffer9                           0x20000448   Data          40  main.o(.bss)
    voltageBuffer10                          0x20000470   Data          40  main.o(.bss)
    voltageBuffer11                          0x20000498   Data          40  main.o(.bss)
    voltageBuffer12                          0x200004c0   Data          40  main.o(.bss)
    voltageBuffer13                          0x200004e8   Data          40  main.o(.bss)
    voltageBuffer14                          0x20000510   Data          40  main.o(.bss)
    voltageBuffer15                          0x20000538   Data          40  main.o(.bss)
    voltageBuffer16                          0x20000560   Data          40  main.o(.bss)
    voltageBuffer17                          0x20000588   Data          40  main.o(.bss)
    voltageBuffer18                          0x200005b0   Data          40  main.o(.bss)
    filteredADC                              0x200005d8   Data          72  main.o(.bss)
    newTemps                                 0x20000620   Data          36  main.o(.bss)
    maxTempBuffer                            0x20000644   Data          10  main.o(.bss)
    avarageTempBuffer                        0x2000064e   Data          10  main.o(.bss)
    sicaklikbuf                              0x20000658   Data          40  main.o(.bss)
    device                                   0x20000680   Data          72  main.o(.bss)
    alarm_device                             0x200006c8   Data          72  main.o(.bss)
    temps                                    0x20000710   Data          36  main.o(.bss)
    sicaklikbufM                             0x20000734   Data          40  main.o(.bss)
    TM_USART1_Buffer                         0x2000075c   Data          32  tm_stm32f4_usart.o(.bss)
    TM_USART2_Buffer                         0x2000077c   Data          32  tm_stm32f4_usart.o(.bss)
    TM_USART3_Buffer                         0x2000079c   Data          32  tm_stm32f4_usart.o(.bss)
    TM_UART4_Buffer                          0x200007bc   Data          32  tm_stm32f4_usart.o(.bss)
    TM_UART5_Buffer                          0x200007dc   Data          32  tm_stm32f4_usart.o(.bss)
    TM_USART6_Buffer                         0x200007fc   Data          32  tm_stm32f4_usart.o(.bss)
    TM_UART7_Buffer                          0x2000081c   Data          32  tm_stm32f4_usart.o(.bss)
    TM_UART8_Buffer                          0x2000083c   Data          32  tm_stm32f4_usart.o(.bss)
    __libspace_start                         0x2000088c   Data          96  libspace.o(.bss)
    __temporary_stack_top$libspace           0x200008ec   Data           0  libspace.o(.bss)



==============================================================================

Memory Map of the image

  Image Entry point : 0x080002b1

  Load Region LR_1 (Base: 0x08000000, Size: 0x000066d0, Max: 0xffffffff, ABSOLUTE, COMPRESSED[0x0000653c])

    Execution Region ER_RO (Exec base: 0x08000000, Load base: 0x08000000, Size: 0x00006500, Max: 0xffffffff, ABSOLUTE)

    Exec Addr    Load Addr    Size         Type   Attr      Idx    E Section Name        Object

    0x08000000   0x08000000   0x000001ac   Data   RO         2929    RESET               startup_stm32f429_439xx.o
    0x080001ac   0x080001ac   0x00000008   Code   RO         3096  * !!!main             c_w.l(__main.o)
    0x080001b4   0x080001b4   0x00000034   Code   RO         3402    !!!scatter          c_w.l(__scatter.o)
    0x080001e8   0x080001e8   0x0000005a   Code   RO         3400    !!dczerorl2         c_w.l(__dczerorl2.o)
    0x08000242   0x08000242   0x00000002   PAD
    0x08000244   0x08000244   0x0000001c   Code   RO         3404    !!handler_zi        c_w.l(__scatter_zi.o)
    0x08000260   0x08000260   0x00000000   Code   RO         3093    .ARM.Collect$$_printf_percent$$00000000  c_w.l(_printf_percent.o)
    0x08000260   0x08000260   0x00000006   Code   RO         3092    .ARM.Collect$$_printf_percent$$00000003  c_w.l(_printf_f.o)
    0x08000266   0x08000266   0x00000006   Code   RO         3091    .ARM.Collect$$_printf_percent$$00000009  c_w.l(_printf_d.o)
    0x0800026c   0x0800026c   0x00000006   Code   RO         3090    .ARM.Collect$$_printf_percent$$0000000C  c_w.l(_printf_x.o)
    0x08000272   0x08000272   0x00000004   Code   RO         3170    .ARM.Collect$$_printf_percent$$00000017  c_w.l(_printf_percent_end.o)
    0x08000276   0x08000276   0x00000002   Code   RO         3339    .ARM.Collect$$libinit$$00000000  c_w.l(libinit.o)
    0x08000278   0x08000278   0x00000004   Code   RO         3175    .ARM.Collect$$libinit$$00000001  c_w.l(libinit2.o)
    0x0800027c   0x0800027c   0x00000000   Code   RO         3178    .ARM.Collect$$libinit$$00000004  c_w.l(libinit2.o)
    0x0800027c   0x0800027c   0x00000000   Code   RO         3181    .ARM.Collect$$libinit$$0000000A  c_w.l(libinit2.o)
    0x0800027c   0x0800027c   0x00000000   Code   RO         3183    .ARM.Collect$$libinit$$0000000C  c_w.l(libinit2.o)
    0x0800027c   0x0800027c   0x00000000   Code   RO         3185    .ARM.Collect$$libinit$$0000000E  c_w.l(libinit2.o)
    0x0800027c   0x0800027c   0x00000006   Code   RO         3186    .ARM.Collect$$libinit$$0000000F  c_w.l(libinit2.o)
    0x08000282   0x08000282   0x00000000   Code   RO         3188    .ARM.Collect$$libinit$$00000011  c_w.l(libinit2.o)
    0x08000282   0x08000282   0x00000000   Code   RO         3190    .ARM.Collect$$libinit$$00000013  c_w.l(libinit2.o)
    0x08000282   0x08000282   0x00000000   Code   RO         3192    .ARM.Collect$$libinit$$00000015  c_w.l(libinit2.o)
    0x08000282   0x08000282   0x0000000a   Code   RO         3193    .ARM.Collect$$libinit$$00000016  c_w.l(libinit2.o)
    0x0800028c   0x0800028c   0x00000000   Code   RO         3194    .ARM.Collect$$libinit$$00000017  c_w.l(libinit2.o)
    0x0800028c   0x0800028c   0x00000000   Code   RO         3196    .ARM.Collect$$libinit$$00000019  c_w.l(libinit2.o)
    0x0800028c   0x0800028c   0x00000000   Code   RO         3198    .ARM.Collect$$libinit$$0000001B  c_w.l(libinit2.o)
    0x0800028c   0x0800028c   0x00000000   Code   RO         3200    .ARM.Collect$$libinit$$0000001D  c_w.l(libinit2.o)
    0x0800028c   0x0800028c   0x00000000   Code   RO         3202    .ARM.Collect$$libinit$$0000001F  c_w.l(libinit2.o)
    0x0800028c   0x0800028c   0x00000000   Code   RO         3204    .ARM.Collect$$libinit$$00000021  c_w.l(libinit2.o)
    0x0800028c   0x0800028c   0x00000000   Code   RO         3206    .ARM.Collect$$libinit$$00000023  c_w.l(libinit2.o)
    0x0800028c   0x0800028c   0x00000000   Code   RO         3208    .ARM.Collect$$libinit$$00000025  c_w.l(libinit2.o)
    0x0800028c   0x0800028c   0x00000000   Code   RO         3212    .ARM.Collect$$libinit$$0000002C  c_w.l(libinit2.o)
    0x0800028c   0x0800028c   0x00000000   Code   RO         3214    .ARM.Collect$$libinit$$0000002E  c_w.l(libinit2.o)
    0x0800028c   0x0800028c   0x00000000   Code   RO         3216    .ARM.Collect$$libinit$$00000030  c_w.l(libinit2.o)
    0x0800028c   0x0800028c   0x00000000   Code   RO         3218    .ARM.Collect$$libinit$$00000032  c_w.l(libinit2.o)
    0x0800028c   0x0800028c   0x00000002   Code   RO         3219    .ARM.Collect$$libinit$$00000033  c_w.l(libinit2.o)
    0x0800028e   0x0800028e   0x00000002   Code   RO         3397    .ARM.Collect$$libshutdown$$00000000  c_w.l(libshutdown.o)
    0x08000290   0x08000290   0x00000000   Code   RO         3353    .ARM.Collect$$libshutdown$$00000002  c_w.l(libshutdown2.o)
    0x08000290   0x08000290   0x00000000   Code   RO         3355    .ARM.Collect$$libshutdown$$00000004  c_w.l(libshutdown2.o)
    0x08000290   0x08000290   0x00000000   Code   RO         3358    .ARM.Collect$$libshutdown$$00000007  c_w.l(libshutdown2.o)
    0x08000290   0x08000290   0x00000000   Code   RO         3361    .ARM.Collect$$libshutdown$$0000000A  c_w.l(libshutdown2.o)
    0x08000290   0x08000290   0x00000000   Code   RO         3363    .ARM.Collect$$libshutdown$$0000000C  c_w.l(libshutdown2.o)
    0x08000290   0x08000290   0x00000000   Code   RO         3366    .ARM.Collect$$libshutdown$$0000000F  c_w.l(libshutdown2.o)
    0x08000290   0x08000290   0x00000002   Code   RO         3367    .ARM.Collect$$libshutdown$$00000010  c_w.l(libshutdown2.o)
    0x08000292   0x08000292   0x00000000   Code   RO         3136    .ARM.Collect$$rtentry$$00000000  c_w.l(__rtentry.o)
    0x08000292   0x08000292   0x00000000   Code   RO         3237    .ARM.Collect$$rtentry$$00000002  c_w.l(__rtentry2.o)
    0x08000292   0x08000292   0x00000006   Code   RO         3249    .ARM.Collect$$rtentry$$00000004  c_w.l(__rtentry4.o)
    0x08000298   0x08000298   0x00000000   Code   RO         3239    .ARM.Collect$$rtentry$$00000009  c_w.l(__rtentry2.o)
    0x08000298   0x08000298   0x00000004   Code   RO         3240    .ARM.Collect$$rtentry$$0000000A  c_w.l(__rtentry2.o)
    0x0800029c   0x0800029c   0x00000000   Code   RO         3242    .ARM.Collect$$rtentry$$0000000C  c_w.l(__rtentry2.o)
    0x0800029c   0x0800029c   0x00000008   Code   RO         3243    .ARM.Collect$$rtentry$$0000000D  c_w.l(__rtentry2.o)
    0x080002a4   0x080002a4   0x00000002   Code   RO         3342    .ARM.Collect$$rtexit$$00000000  c_w.l(rtexit.o)
    0x080002a6   0x080002a6   0x00000000   Code   RO         3371    .ARM.Collect$$rtexit$$00000002  c_w.l(rtexit2.o)
    0x080002a6   0x080002a6   0x00000004   Code   RO         3372    .ARM.Collect$$rtexit$$00000003  c_w.l(rtexit2.o)
    0x080002aa   0x080002aa   0x00000006   Code   RO         3373    .ARM.Collect$$rtexit$$00000004  c_w.l(rtexit2.o)
    0x080002b0   0x080002b0   0x00000040   Code   RO         2930  * .text               startup_stm32f429_439xx.o
    0x080002f0   0x080002f0   0x00000028   Code   RO         3041    .text               c_w.l(noretval__2sprintf.o)
    0x08000318   0x08000318   0x0000004e   Code   RO         3045    .text               c_w.l(_printf_pad.o)
    0x08000366   0x08000366   0x00000002   PAD
    0x08000368   0x08000368   0x00000078   Code   RO         3047    .text               c_w.l(_printf_dec.o)
    0x080003e0   0x080003e0   0x00000058   Code   RO         3052    .text               c_w.l(_printf_hex_int.o)
    0x08000438   0x08000438   0x00000138   Code   RO         3082    .text               c_w.l(__printf_flags_wp.o)
    0x08000570   0x08000570   0x00000006   Code   RO         3094    .text               c_w.l(heapauxi.o)
    0x08000576   0x08000576   0x000000b2   Code   RO         3162    .text               c_w.l(_printf_intcommon.o)
    0x08000628   0x08000628   0x0000041e   Code   RO         3164    .text               c_w.l(_printf_fp_dec.o)
    0x08000a46   0x08000a46   0x00000002   PAD
    0x08000a48   0x08000a48   0x00000030   Code   RO         3166    .text               c_w.l(_printf_char_common.o)
    0x08000a78   0x08000a78   0x0000000a   Code   RO         3168    .text               c_w.l(_sputc.o)
    0x08000a82   0x08000a82   0x00000002   PAD
    0x08000a84   0x08000a84   0x00000008   Code   RO         3233    .text               c_w.l(libspace.o)
    0x08000a8c   0x08000a8c   0x00000008   Code   RO         3254    .text               c_w.l(rt_locale_intlibspace.o)
    0x08000a94   0x08000a94   0x0000008a   Code   RO         3264    .text               c_w.l(lludiv10.o)
    0x08000b1e   0x08000b1e   0x00000002   PAD
    0x08000b20   0x08000b20   0x00000080   Code   RO         3266    .text               c_w.l(_printf_fp_infnan.o)
    0x08000ba0   0x08000ba0   0x000000e4   Code   RO         3270    .text               c_w.l(bigflt0.o)
    0x08000c84   0x08000c84   0x00000002   Code   RO         3313    .text               c_w.l(use_no_semi.o)
    0x08000c86   0x08000c86   0x00000000   Code   RO         3315    .text               c_w.l(indicate_semi.o)
    0x08000c86   0x08000c86   0x0000004a   Code   RO         3316    .text               c_w.l(sys_stackheap_outer.o)
    0x08000cd0   0x08000cd0   0x00000012   Code   RO         3322    .text               c_w.l(exit.o)
    0x08000ce2   0x08000ce2   0x00000002   PAD
    0x08000ce4   0x08000ce4   0x00000080   Code   RO         3328    .text               c_w.l(strcmpv7m.o)
    0x08000d64   0x08000d64   0x0000000c   Code   RO         3340    .text               c_w.l(sys_exit.o)
    0x08000d70   0x08000d70   0x0000003e   Code   RO         3273    CL$$btod_d2e        c_w.l(btod.o)
    0x08000dae   0x08000dae   0x00000046   Code   RO         3275    CL$$btod_d2e_denorm_low  c_w.l(btod.o)
    0x08000df4   0x08000df4   0x00000060   Code   RO         3274    CL$$btod_d2e_norm_op1  c_w.l(btod.o)
    0x08000e54   0x08000e54   0x00000338   Code   RO         3283    CL$$btod_div_common  c_w.l(btod.o)
    0x0800118c   0x0800118c   0x000000dc   Code   RO         3280    CL$$btod_e2e        c_w.l(btod.o)
    0x08001268   0x08001268   0x0000002a   Code   RO         3277    CL$$btod_ediv       c_w.l(btod.o)
    0x08001292   0x08001292   0x0000002a   Code   RO         3276    CL$$btod_emul       c_w.l(btod.o)
    0x080012bc   0x080012bc   0x00000244   Code   RO         3282    CL$$btod_mult_common  c_w.l(btod.o)
    0x08001500   0x08001500   0x00000016   Code   RO         1126    i.ADC_Cmd           stm32f4xx_adc.o
    0x08001516   0x08001516   0x00000002   PAD
    0x08001518   0x08001518   0x00000030   Code   RO         1127    i.ADC_CommonInit    stm32f4xx_adc.o
    0x08001548   0x08001548   0x00000016   Code   RO         1130    i.ADC_DMACmd        stm32f4xx_adc.o
    0x0800155e   0x0800155e   0x00000016   Code   RO         1131    i.ADC_DMARequestAfterLastTransferCmd  stm32f4xx_adc.o
    0x08001574   0x08001574   0x00000054   Code   RO         1146    i.ADC_Init          stm32f4xx_adc.o
    0x080015c8   0x080015c8   0x000000b8   Code   RO         1151    i.ADC_RegularChannelConfig  stm32f4xx_adc.o
    0x08001680   0x08001680   0x0000000a   Code   RO         1153    i.ADC_SoftwareStartConv  stm32f4xx_adc.o
    0x0800168a   0x0800168a   0x00000016   Code   RO         1368    i.DMA_Cmd           stm32f4xx_dma.o
    0x080016a0   0x080016a0   0x00000058   Code   RO         1380    i.DMA_Init          stm32f4xx_dma.o
    0x080016f8   0x080016f8   0x00000040   Code   RO          794    i.Delay             tm_stm32f4_onewire.o
    0x08001738   0x08001738   0x0000003c   Code   RO            4    i.Delayms           main.o
    0x08001774   0x08001774   0x00000020   Code   RO            5    i.EXTI9_5_IRQHandler  main.o
    0x08001794   0x08001794   0x0000000c   Code   RO         1499    i.EXTI_ClearITPendingBit  stm32f4xx_exti.o
    0x080017a0   0x080017a0   0x00000018   Code   RO         1503    i.EXTI_GetITStatus  stm32f4xx_exti.o
    0x080017b8   0x080017b8   0x0000007c   Code   RO            6    i.EXTI_II           main.o
    0x08001834   0x08001834   0x00000094   Code   RO         1504    i.EXTI_Init         stm32f4xx_exti.o
    0x080018c8   0x080018c8   0x000003c0   Code   RO            7    i.EkranDevirHiz     main.o
    0x08001c88   0x08001c88   0x00000044   Code   RO            8    i.EkranGonder       main.o
    0x08001ccc   0x08001ccc   0x00000034   Code   RO            9    i.EkranGonderInt    main.o
    0x08001d00   0x08001d00   0x00000034   Code   RO           10    i.GPIOA_Init        main.o
    0x08001d34   0x08001d34   0x00000030   Code   RO           11    i.GPIOB_Init        main.o
    0x08001d64   0x08001d64   0x00000034   Code   RO           12    i.GPIOC_Init        main.o
    0x08001d98   0x08001d98   0x00000034   Code   RO           14    i.GPIOD_Init_OUTPUT  main.o
    0x08001dcc   0x08001dcc   0x00000038   Code   RO           15    i.GPIOE_Init_DInput  main.o
    0x08001e04   0x08001e04   0x00000034   Code   RO           16    i.GPIOF_Init        main.o
    0x08001e38   0x08001e38   0x00000038   Code   RO           17    i.GPIOF_Init_DInput  main.o
    0x08001e70   0x08001e70   0x00000034   Code   RO           18    i.GPIOG_Disable_OUTPUT  main.o
    0x08001ea4   0x08001ea4   0x00000034   Code   RO           19    i.GPIOG_Init_DInput  main.o
    0x08001ed8   0x08001ed8   0x00000034   Code   RO           20    i.GPIOG_Init_OUTPUT  main.o
    0x08001f0c   0x08001f0c   0x00000090   Code   RO         1565    i.GPIO_Init         stm32f4xx_gpio.o
    0x08001f9c   0x08001f9c   0x00000046   Code   RO         1566    i.GPIO_PinAFConfig  stm32f4xx_gpio.o
    0x08001fe2   0x08001fe2   0x00000012   Code   RO         1569    i.GPIO_ReadInputDataBit  stm32f4xx_gpio.o
    0x08001ff4   0x08001ff4   0x00000004   Code   RO         1572    i.GPIO_ResetBits    stm32f4xx_gpio.o
    0x08001ff8   0x08001ff8   0x00000004   Code   RO         1573    i.GPIO_SetBits      stm32f4xx_gpio.o
    0x08001ffc   0x08001ffc   0x00000084   Code   RO           21    i.GPIO_USARTConf    main.o
    0x08002080   0x08002080   0x00000066   Code   RO           22    i.Hiz               main.o
    0x080020e6   0x080020e6   0x00000002   PAD
    0x080020e8   0x080020e8   0x00000090   Code   RO           23    i.Init_ADC1         main.o
    0x08002178   0x08002178   0x000000cc   Code   RO           24    i.Init_ADC2         main.o
    0x08002244   0x08002244   0x000000c0   Code   RO           25    i.Init_ADC3         main.o
    0x08002304   0x08002304   0x00000068   Code   RO           26    i.Init_DMA2_CH0_ADC1  main.o
    0x0800236c   0x0800236c   0x0000006c   Code   RO           27    i.Init_DMA2_CH1_ADC2  main.o
    0x080023d8   0x080023d8   0x0000006c   Code   RO           28    i.Init_DMA2_CH2_ADC3  main.o
    0x08002444   0x08002444   0x00000078   Code   RO         1072    i.NVIC_Init         misc.o
    0x080024bc   0x080024bc   0x00000020   Code   RO         1780    i.RCC_AHB1PeriphClockCmd  stm32f4xx_rcc.o
    0x080024dc   0x080024dc   0x00000020   Code   RO         1789    i.RCC_APB1PeriphClockCmd  stm32f4xx_rcc.o
    0x080024fc   0x080024fc   0x00000020   Code   RO         1791    i.RCC_APB1PeriphResetCmd  stm32f4xx_rcc.o
    0x0800251c   0x0800251c   0x00000020   Code   RO         1792    i.RCC_APB2PeriphClockCmd  stm32f4xx_rcc.o
    0x0800253c   0x0800253c   0x00000020   Code   RO         1794    i.RCC_APB2PeriphResetCmd  stm32f4xx_rcc.o
    0x0800255c   0x0800255c   0x000000e8   Code   RO         1801    i.RCC_GetClocksFreq  stm32f4xx_rcc.o
    0x08002644   0x08002644   0x00000040   Code   RO         1802    i.RCC_GetFlagStatus  stm32f4xx_rcc.o
    0x08002684   0x08002684   0x00000010   Code   RO         1806    i.RCC_HSEConfig     stm32f4xx_rcc.o
    0x08002694   0x08002694   0x00000038   Code   RO         1831    i.RCC_WaitForHSEStartUp  stm32f4xx_rcc.o
    0x080026cc   0x080026cc   0x00000040   Code   RO         2115    i.SYSCFG_EXTILineConfig  stm32f4xx_syscfg.o
    0x0800270c   0x0800270c   0x00000120   Code   RO         2937    i.SetSysClock       system_stm32f4xx.o
    0x0800282c   0x0800282c   0x000000b0   Code   RO          929    i.SysTick_Handler   tm_stm32f4_delay.o
    0x080028dc   0x080028dc   0x00000068   Code   RO         2939    i.SystemInit        system_stm32f4xx.o
    0x08002944   0x08002944   0x0000002c   Code   RO           30    i.TIM2_IRQHandler   main.o
    0x08002970   0x08002970   0x000000e8   Code   RO           31    i.TIM3_IRQHandler   main.o
    0x08002a58   0x08002a58   0x00000006   Code   RO         2183    i.TIM_ClearITPendingBit  stm32f4xx_tim.o
    0x08002a5e   0x08002a5e   0x00000018   Code   RO         2188    i.TIM_Cmd           stm32f4xx_tim.o
    0x08002a76   0x08002a76   0x00000022   Code   RO         2209    i.TIM_GetITStatus   stm32f4xx_tim.o
    0x08002a98   0x08002a98   0x00000012   Code   RO         2213    i.TIM_ITConfig      stm32f4xx_tim.o
    0x08002aaa   0x08002aaa   0x00000002   PAD
    0x08002aac   0x08002aac   0x00000084   Code   RO         2260    i.TIM_TimeBaseInit  stm32f4xx_tim.o
    0x08002b30   0x08002b30   0x00000088   Code   RO          932    i.TM_DELAY_Init     tm_stm32f4_delay.o
    0x08002bb8   0x08002bb8   0x0000000c   Code   RO          701    i.TM_DS18B20_AllDone  tm_stm32f4_ds18b20.o
    0x08002bc4   0x08002bc4   0x00000010   Code   RO          704    i.TM_DS18B20_Is     tm_stm32f4_ds18b20.o
    0x08002bd4   0x08002bd4   0x00000184   Code   RO          705    i.TM_DS18B20_Read   tm_stm32f4_ds18b20.o
    0x08002d58   0x08002d58   0x000000d0   Code   RO          708    i.TM_DS18B20_SetResolution  tm_stm32f4_ds18b20.o
    0x08002e28   0x08002e28   0x0000001c   Code   RO          710    i.TM_DS18B20_StartAll  tm_stm32f4_ds18b20.o
    0x08002e44   0x08002e44   0x0000000e   Code   RO          587    i.TM_GPIO_GetPortSource  tm_stm32f4_gpio.o
    0x08002e52   0x08002e52   0x00000002   PAD
    0x08002e54   0x08002e54   0x00000020   Code   RO          590    i.TM_GPIO_INT_EnableClock  tm_stm32f4_gpio.o
    0x08002e74   0x08002e74   0x000000b0   Code   RO          591    i.TM_GPIO_INT_Init  tm_stm32f4_gpio.o
    0x08002f24   0x08002f24   0x00000030   Code   RO          592    i.TM_GPIO_Init      tm_stm32f4_gpio.o
    0x08002f54   0x08002f54   0x0000006e   Code   RO          593    i.TM_GPIO_InitAlternate  tm_stm32f4_gpio.o
    0x08002fc2   0x08002fc2   0x00000026   Code   RO          597    i.TM_GPIO_SetPinAsInput  tm_stm32f4_gpio.o
    0x08002fe8   0x08002fe8   0x0000002e   Code   RO          598    i.TM_GPIO_SetPinAsOutput  tm_stm32f4_gpio.o
    0x08003016   0x08003016   0x00000038   Code   RO          795    i.TM_OneWire_CRC8   tm_stm32f4_onewire.o
    0x0800304e   0x0800304e   0x00000014   Code   RO          797    i.TM_OneWire_First  tm_stm32f4_onewire.o
    0x08003062   0x08003062   0x00000018   Code   RO          798    i.TM_OneWire_GetFullROM  tm_stm32f4_onewire.o
    0x0800307a   0x0800307a   0x00000024   Code   RO          800    i.TM_OneWire_Init   tm_stm32f4_onewire.o
    0x0800309e   0x0800309e   0x0000000e   Code   RO          801    i.TM_OneWire_Next   tm_stm32f4_onewire.o
    0x080030ac   0x080030ac   0x00000046   Code   RO          802    i.TM_OneWire_ReadBit  tm_stm32f4_onewire.o
    0x080030f2   0x080030f2   0x00000026   Code   RO          803    i.TM_OneWire_ReadByte  tm_stm32f4_onewire.o
    0x08003118   0x08003118   0x00000046   Code   RO          804    i.TM_OneWire_Reset  tm_stm32f4_onewire.o
    0x0800315e   0x0800315e   0x0000000a   Code   RO          805    i.TM_OneWire_ResetSearch  tm_stm32f4_onewire.o
    0x08003168   0x08003168   0x00000108   Code   RO          806    i.TM_OneWire_Search  tm_stm32f4_onewire.o
    0x08003270   0x08003270   0x00000024   Code   RO          808    i.TM_OneWire_SelectWithPointer  tm_stm32f4_onewire.o
    0x08003294   0x08003294   0x00000060   Code   RO          811    i.TM_OneWire_WriteBit  tm_stm32f4_onewire.o
    0x080032f4   0x080032f4   0x00000022   Code   RO          812    i.TM_OneWire_WriteByte  tm_stm32f4_onewire.o
    0x08003316   0x08003316   0x00000002   PAD
    0x08003318   0x08003318   0x0000004c   Code   RO          356    i.TM_UART4_InitPins  tm_stm32f4_usart.o
    0x08003364   0x08003364   0x00000048   Code   RO          357    i.TM_UART5_InitPins  tm_stm32f4_usart.o
    0x080033ac   0x080033ac   0x0000004c   Code   RO          358    i.TM_UART7_InitPins  tm_stm32f4_usart.o
    0x080033f8   0x080033f8   0x00000030   Code   RO          359    i.TM_UART8_InitPins  tm_stm32f4_usart.o
    0x08003428   0x08003428   0x0000004c   Code   RO          360    i.TM_USART1_InitPins  tm_stm32f4_usart.o
    0x08003474   0x08003474   0x0000004c   Code   RO          361    i.TM_USART2_InitPins  tm_stm32f4_usart.o
    0x080034c0   0x080034c0   0x00000068   Code   RO          362    i.TM_USART3_InitPins  tm_stm32f4_usart.o
    0x08003528   0x08003528   0x00000050   Code   RO          363    i.TM_USART6_InitPins  tm_stm32f4_usart.o
    0x08003578   0x08003578   0x00000064   Code   RO          370    i.TM_USART_INT_GetSubPriority  tm_stm32f4_usart.o
    0x080035dc   0x080035dc   0x00000084   Code   RO          371    i.TM_USART_INT_GetUsart  tm_stm32f4_usart.o
    0x08003660   0x08003660   0x000001d4   Code   RO          372    i.TM_USART_INT_Init  tm_stm32f4_usart.o
    0x08003834   0x08003834   0x00000028   Code   RO          373    i.TM_USART_INT_InsertToBuffer  tm_stm32f4_usart.o
    0x0800385c   0x0800385c   0x0000011c   Code   RO          374    i.TM_USART_Init     tm_stm32f4_usart.o
    0x08003978   0x08003978   0x00000002   Code   RO          375    i.TM_USART_InitCustomPinsCallback  tm_stm32f4_usart.o
    0x0800397a   0x0800397a   0x00000032   Code   RO           32    i.TM_USART_Putc     main.o
    0x080039ac   0x080039ac   0x00000046   Code   RO          377    i.TM_USART_Puts     tm_stm32f4_usart.o
    0x080039f2   0x080039f2   0x00000002   PAD
    0x080039f4   0x080039f4   0x00000024   Code   RO          380    i.UART4_IRQHandler  tm_stm32f4_usart.o
    0x08003a18   0x08003a18   0x00000024   Code   RO          381    i.UART5_IRQHandler  tm_stm32f4_usart.o
    0x08003a3c   0x08003a3c   0x00000024   Code   RO          382    i.UART7_IRQHandler  tm_stm32f4_usart.o
    0x08003a60   0x08003a60   0x00000024   Code   RO          383    i.UART8_IRQHandler  tm_stm32f4_usart.o
    0x08003a84   0x08003a84   0x00000024   Code   RO          384    i.USART1_IRQHandler  tm_stm32f4_usart.o
    0x08003aa8   0x08003aa8   0x00000024   Code   RO          385    i.USART2_IRQHandler  tm_stm32f4_usart.o
    0x08003acc   0x08003acc   0x00000024   Code   RO          386    i.USART3_IRQHandler  tm_stm32f4_usart.o
    0x08003af0   0x08003af0   0x00000024   Code   RO          387    i.USART6_IRQHandler  tm_stm32f4_usart.o
    0x08003b14   0x08003b14   0x00000018   Code   RO         2742    i.USART_Cmd         stm32f4xx_usart.o
    0x08003b2c   0x08003b2c   0x000000f0   Code   RO         2744    i.USART_DeInit      stm32f4xx_usart.o
    0x08003c1c   0x08003c1c   0x000000d4   Code   RO         2749    i.USART_Init        stm32f4xx_usart.o
    0x08003cf0   0x08003cf0   0x00000030   Code   RO         3311    i.__ARM_fpclassify  m_wm.l(fpclassify.o)
    0x08003d20   0x08003d20   0x0000000e   Code   RO         3080    i._is_digit         c_w.l(__printf_wp.o)
    0x08003d2e   0x08003d2e   0x00000002   PAD
    0x08003d30   0x08003d30   0x00000068   Code   RO           34    i.akimKesme         main.o
    0x08003d98   0x08003d98   0x0000007c   Code   RO           35    i.bataryaYuzde      main.o
    0x08003e14   0x08003e14   0x000001b0   Code   RO           36    i.gerilimCikarim    main.o
    0x08003fc4   0x08003fc4   0x0000008c   Code   RO           37    i.gerilimFiltre     main.o
    0x08004050   0x08004050   0x000003c0   Code   RO           38    i.gerilimHesabiSon  main.o
    0x08004410   0x08004410   0x000001f8   Code   RO           39    i.hareketliOrtalama  main.o
    0x08004608   0x08004608   0x00000d60   Code   RO           40    i.main              main.o
    0x08005368   0x08005368   0x0000000e   Code   RO           41    i.powerHesap        main.o
    0x08005376   0x08005376   0x00000002   PAD
    0x08005378   0x08005378   0x00000530   Code   RO           42    i.telemetri         main.o
    0x080058a8   0x080058a8   0x0000002c   Code   RO         3296    locale$$code        c_w.l(lc_numeric_c.o)
    0x080058d4   0x080058d4   0x00000062   Code   RO         3098    x$fpl$d2f           fz_wm.l(d2f.o)
    0x08005936   0x08005936   0x00000002   PAD
    0x08005938   0x08005938   0x00000150   Code   RO         3100    x$fpl$dadd          fz_wm.l(daddsub_clz.o)
    0x08005a88   0x08005a88   0x000002b0   Code   RO         3107    x$fpl$ddiv          fz_wm.l(ddiv.o)
    0x08005d38   0x08005d38   0x0000005e   Code   RO         3112    x$fpl$dfix          fz_wm.l(dfix.o)
    0x08005d96   0x08005d96   0x00000002   PAD
    0x08005d98   0x08005d98   0x0000005a   Code   RO         3116    x$fpl$dfixu         fz_wm.l(dfixu.o)
    0x08005df2   0x08005df2   0x0000002e   Code   RO         3121    x$fpl$dflt          fz_wm.l(dflt_clz.o)
    0x08005e20   0x08005e20   0x00000026   Code   RO         3120    x$fpl$dfltu         fz_wm.l(dflt_clz.o)
    0x08005e46   0x08005e46   0x00000002   PAD
    0x08005e48   0x08005e48   0x00000154   Code   RO         3128    x$fpl$dmul          fz_wm.l(dmul.o)
    0x08005f9c   0x08005f9c   0x0000009c   Code   RO         3222    x$fpl$dnaninf       fz_wm.l(dnaninf.o)
    0x08006038   0x08006038   0x0000000c   Code   RO         3224    x$fpl$dretinf       fz_wm.l(dretinf.o)
    0x08006044   0x08006044   0x000001d4   Code   RO         3102    x$fpl$dsub          fz_wm.l(daddsub_clz.o)
    0x08006218   0x08006218   0x00000056   Code   RO         3130    x$fpl$f2d           fz_wm.l(f2d.o)
    0x0800626e   0x0800626e   0x0000008c   Code   RO         3226    x$fpl$fnaninf       fz_wm.l(fnaninf.o)
    0x080062fa   0x080062fa   0x0000000a   Code   RO         3307    x$fpl$fpinit        fz_wm.l(fpinit.o)
    0x08006304   0x08006304   0x0000000a   Code   RO         3228    x$fpl$fretinf       fz_wm.l(fretinf.o)
    0x0800630e   0x0800630e   0x00000004   Code   RO         3132    x$fpl$printf1       fz_wm.l(printf1.o)
    0x08006312   0x08006312   0x00000000   Code   RO         3230    x$fpl$usenofp       fz_wm.l(usenofp.o)
    0x08006312   0x08006312   0x00000028   Data   RO         3053    .constdata          c_w.l(_printf_hex_int.o)
    0x0800633a   0x0800633a   0x00000011   Data   RO         3083    .constdata          c_w.l(__printf_flags_wp.o)
    0x0800634b   0x0800634b   0x00000001   PAD
    0x0800634c   0x0800634c   0x00000094   Data   RO         3271    .constdata          c_w.l(bigflt0.o)
    0x080063e0   0x080063e0   0x000000e3   Data   RO           44    .conststring        main.o
    0x080064c3   0x080064c3   0x00000001   PAD
    0x080064c4   0x080064c4   0x00000020   Data   RO         3398    Region$$Table       anon$$obj.o
    0x080064e4   0x080064e4   0x0000001c   Data   RO         3295    locale$$data        c_w.l(lc_numeric_c.o)


    Execution Region ER_RW (Exec base: 0x20000000, Load base: 0x08006500, Size: 0x000001d0, Max: 0xffffffff, ABSOLUTE, COMPRESSED[0x0000003c])

    Exec Addr    Load Addr    Size         Type   Attr      Idx    E Section Name        Object

    0x20000000   COMPRESSED   0x00000118   Data   RW           45    .data               main.o
    0x20000118   COMPRESSED   0x00000080   Data   RW          389    .data               tm_stm32f4_usart.o
    0x20000198   COMPRESSED   0x00000011   Data   RW          941    .data               tm_stm32f4_delay.o
    0x200001a9   COMPRESSED   0x00000010   Data   RW         1832    .data               stm32f4xx_rcc.o
    0x200001b9   COMPRESSED   0x00000003   PAD
    0x200001bc   COMPRESSED   0x00000014   Data   RW         2940    .data               system_stm32f4xx.o


    Execution Region ER_ZI (Exec base: 0x200001d0, Load base: 0x0800653c, Size: 0x00000d20, Max: 0xffffffff, ABSOLUTE)

    Exec Addr    Load Addr    Size         Type   Attr      Idx    E Section Name        Object

    0x200001d0        -       0x0000058c   Zero   RW           43    .bss                main.o
    0x2000075c        -       0x00000100   Zero   RW          388    .bss                tm_stm32f4_usart.o
    0x2000085c        -       0x00000016   Zero   RW          600    .bss                tm_stm32f4_gpio.o
    0x20000872   0x0800653c   0x00000002   PAD
    0x20000874        -       0x00000018   Zero   RW          940    .bss                tm_stm32f4_delay.o
    0x2000088c        -       0x00000060   Zero   RW         3234    .bss                c_w.l(libspace.o)
    0x200008ec   0x0800653c   0x00000004   PAD
    0x200008f0        -       0x00000200   Zero   RW         2928    HEAP                startup_stm32f429_439xx.o
    0x20000af0        -       0x00000400   Zero   RW         2927    STACK               startup_stm32f429_439xx.o


==============================================================================

Image component sizes


      Code (inc. data)   RO Data    RW Data    ZI Data      Debug   Object Name

     10270       1294        227        280       1420     374536   main.o
       120         14          0          0          0       1408   misc.o
        64         26        428          0       1536        856   startup_stm32f429_439xx.o
       392         24          0          0          0       6515   stm32f4xx_adc.o
       110          6          0          0          0       2865   stm32f4xx_dma.o
       184         16          0          0          0       2704   stm32f4xx_exti.o
       240          0          0          0          0       4335   stm32f4xx_gpio.o
       528         56          0         16          0       8889   stm32f4xx_rcc.o
        64          4          0          0          0        752   stm32f4xx_syscfg.o
       214         28          0          0          0       4478   stm32f4xx_tim.o
       476         42          0          0          0       3336   stm32f4xx_usart.o
       392         32          0         20          0       2041   system_stm32f4xx.o
       312         40          0         17         24      33337   tm_stm32f4_delay.o
       652         14          0          0          0       6624   tm_stm32f4_ds18b20.o
       464         10          0          0         22       5433   tm_stm32f4_gpio.o
       832         18          0          0          0       9604   tm_stm32f4_onewire.o
      1992        338          0        128        256      20556   tm_stm32f4_usart.o

    ----------------------------------------------------------------------
     17320       1962        688        464       3260     488269   Object Totals
         0          0         32          0          0          0   (incl. Generated)
        14          0          1          3          2          0   (incl. Padding)

    ----------------------------------------------------------------------

      Code (inc. data)   RO Data    RW Data    ZI Data      Debug   Library Member Name

        90          0          0          0          0          0   __dczerorl2.o
         8          0          0          0          0         68   __main.o
       312          4         17          0          0         92   __printf_flags_wp.o
        14          0          0          0          0         68   __printf_wp.o
         0          0          0          0          0          0   __rtentry.o
        12          0          0          0          0          0   __rtentry2.o
         6          0          0          0          0          0   __rtentry4.o
        52          8          0          0          0          0   __scatter.o
        28          0          0          0          0          0   __scatter_zi.o
        48          6          0          0          0         96   _printf_char_common.o
         6          0          0          0          0          0   _printf_d.o
       120         16          0          0          0         92   _printf_dec.o
         6          0          0          0          0          0   _printf_f.o
      1054          0          0          0          0        216   _printf_fp_dec.o
       128         16          0          0          0         84   _printf_fp_infnan.o
        88          4         40          0          0         88   _printf_hex_int.o
       178          0          0          0          0         88   _printf_intcommon.o
        78          0          0          0          0        108   _printf_pad.o
         0          0          0          0          0          0   _printf_percent.o
         4          0          0          0          0          0   _printf_percent_end.o
         6          0          0          0          0          0   _printf_x.o
        10          0          0          0          0         68   _sputc.o
       228          4        148          0          0         96   bigflt0.o
      1936        128          0          0          0        672   btod.o
        18          0          0          0          0         80   exit.o
         6          0          0          0          0        152   heapauxi.o
         0          0          0          0          0          0   indicate_semi.o
        44         10         28          0          0         76   lc_numeric_c.o
         2          0          0          0          0          0   libinit.o
        22          0          0          0          0          0   libinit2.o
         2          0          0          0          0          0   libshutdown.o
         2          0          0          0          0          0   libshutdown2.o
         8          4          0          0         96         68   libspace.o
       138          0          0          0          0         80   lludiv10.o
        40          6          0          0          0         84   noretval__2sprintf.o
         8          4          0          0          0         68   rt_locale_intlibspace.o
         2          0          0          0          0          0   rtexit.o
        10          0          0          0          0          0   rtexit2.o
       128          0          0          0          0         68   strcmpv7m.o
        12          4          0          0          0         68   sys_exit.o
        74          0          0          0          0         80   sys_stackheap_outer.o
         2          0          0          0          0         68   use_no_semi.o
        98          4          0          0          0        140   d2f.o
       804         16          0          0          0        368   daddsub_clz.o
       688        140          0          0          0        256   ddiv.o
        94          4          0          0          0        140   dfix.o
        90          4          0          0          0        140   dfixu.o
        84          0          0          0          0        232   dflt_clz.o
       340         12          0          0          0        152   dmul.o
       156          4          0          0          0        140   dnaninf.o
        12          0          0          0          0        116   dretinf.o
        86          4          0          0          0        132   f2d.o
       140          4          0          0          0        132   fnaninf.o
        10          0          0          0          0        116   fpinit.o
        10          0          0          0          0        116   fretinf.o
         4          0          0          0          0        116   printf1.o
         0          0          0          0          0          0   usenofp.o
        48          0          0          0          0        124   fpclassify.o

    ----------------------------------------------------------------------
      7614        406        234          0        100       5148   Library Totals
        20          0          1          0          4          0   (incl. Padding)

    ----------------------------------------------------------------------

      Code (inc. data)   RO Data    RW Data    ZI Data      Debug   Library Name

      4930        214        233          0         96       2728   c_w.l
      2616        192          0          0          0       2296   fz_wm.l
        48          0          0          0          0        124   m_wm.l

    ----------------------------------------------------------------------
      7614        406        234          0        100       5148   Library Totals

    ----------------------------------------------------------------------

==============================================================================


      Code (inc. data)   RO Data    RW Data    ZI Data      Debug   

     24934       2368        922        464       3360     478561   Grand Totals
     24934       2368        922         60       3360     478561   ELF Image Totals (compressed)
     24934       2368        922         60          0          0   ROM Totals

==============================================================================

    Total RO  Size (Code + RO Data)                25856 (  25.25kB)
    Total RW  Size (RW Data + ZI Data)              3824 (   3.73kB)
    Total ROM Size (Code + RO Data + RW Data)      25916 (  25.31kB)

==============================================================================

