<html>
<body>
<pre>
<h1>µVision Build Log</h1>
<h2>Tool Versions:</h2>
IDE-Version: µVision V5.31.0.0
Copyright (C) 2020 ARM Ltd and ARM Germany GmbH. All rights reserved.
License Information: Oguzhan Ozturk, Duscart, LIC=----
 
Tool Versions:
Toolchain:       MDK-Lite  Version: 5.31.0.0
Toolchain Path:  C:\Keil_v5\ARM\ARMCC\Bin
C Compiler:      Armcc.exe V5.06 update 6 (build 750)
Assembler:       Armasm.exe V5.06 update 6 (build 750)
Linker/Locator:  ArmLink.exe V5.06 update 6 (build 750)
Library Manager: ArmAr.exe V5.06 update 6 (build 750)
Hex Converter:   FromElf.exe V5.06 update 6 (build 750)
CPU DLL:         SARMCM3.DLL V5.31.0.0
Dialog DLL:      DCM.DLL V1.17.3.0
Target DLL:      STLink\ST-LINKIII-KEIL_SWO.dll V3.0.7.0
Dialog DLL:      TCM.DLL V1.46.0.0
 
<h2>Project:</h2>
C:\Users\Berse\Desktop\ARM\AKS2020\calisma2.uvprojx
Project File Date:  08/14/2020

<h2>Output:</h2>
*** Using Compiler 'V5.06 update 6 (build 750)', folder: 'C:\Keil_v5\ARM\ARMCC\Bin'
Build target 'Target 1'
compiling Main.c...
Main.c(309): warning:  #1035-D: single-precision operand implicitly converted to double-precision
  		VoltageValue[0] = filteredADC[0] * 0.0376470588235;
Main.c(311): warning:  #1035-D: single-precision operand implicitly converted to double-precision
  		VoltageValue[1] = filteredADC[1] * 0.0380693069306;
Main.c(313): warning:  #1035-D: single-precision operand implicitly converted to double-precision
  		VoltageValue[2] = filteredADC[2] *0.038178807947;
Main.c(315): warning:  #1035-D: single-precision operand implicitly converted to double-precision
  		VoltageValue[3] = filteredADC[3] *0.1183076923076;
Main.c(317): warning:  #1035-D: single-precision operand implicitly converted to double-precision
  		VoltageValue[4] = filteredADC[4] *0.0382868525896;
Main.c(319): warning:  #1035-D: single-precision operand implicitly converted to double-precision
  		VoltageValue[5] = filteredADC[5] *0.0383056478405;
Main.c(321): warning:  #1035-D: single-precision operand implicitly converted to double-precision
  		VoltageValue[6] = filteredADC[6] *0.038319088319;
Main.c(323): warning:  #1035-D: single-precision operand implicitly converted to double-precision
  		VoltageValue[7] = filteredADC[7] *0.0383541147132;
Main.c(325): warning:  #1035-D: single-precision operand implicitly converted to double-precision
  		VoltageValue[8] = filteredADC[8] *0.0383592017738;
Main.c(329): warning:  #1035-D: single-precision operand implicitly converted to double-precision
  		VoltageValue[10] = filteredADC[10] *0.0400189214758;
Main.c(331): warning:  #1035-D: single-precision operand implicitly converted to double-precision
  		VoltageValue[11] = filteredADC[11] *0.0383527454242;
Main.c(335): warning:  #1035-D: single-precision operand implicitly converted to double-precision
  		VoltageValue[13] = filteredADC[13] *0.0383737517831;
Main.c(337): warning:  #1035-D: single-precision operand implicitly converted to double-precision
  		VoltageValue[14] = filteredADC[14] *0.0177265745007;
Main.c(339): warning:  #1035-D: single-precision operand implicitly converted to double-precision
  		VoltageValue[15] = filteredADC[15] *0.0382700684505;
Main.c(341): warning:  #1035-D: single-precision operand implicitly converted to double-precision
  		VoltageValue[16] = filteredADC[16] *0.0563793103448;
Main.c(343): warning:  #1035-D: single-precision operand implicitly converted to double-precision
  		VoltageValue[17] = filteredADC[17] *0.0319219089;
Main.c: 16 warnings, 0 errors
linking...
Program Size: Code=24934 RO-data=922 RW-data=464 ZI-data=3360  
".\Objects\calisma2.axf" - 0 Error(s), 16 Warning(s).

<h2>Software Packages used:</h2>

Package Vendor: ARM
                http://www.keil.com/pack/ARM.CMSIS.5.7.0.pack
                ARM.CMSIS.5.7.0
                CMSIS (Cortex Microcontroller Software Interface Standard)
   * Component: CORE Version: 5.4.0
   * Component: DSP Variant: Library Version: 1.8.0

Package Vendor: Keil
                http://www.keil.com/pack/Keil.STM32F4xx_DFP.1.0.8.pack
                Keil.STM32F4xx_DFP.1.0.8
                STMicroelectronics STM32F4 Series Device Support, Drivers and Examples
   * Component: Startup Version: 1.3.1
   * Component: ADC Version: 1.3.0
   * Component: DMA Version: 1.3.0
   * Component: EXTI Version: 1.3.0
   * Component: Framework Version: 1.3.1
   * Component: GPIO Version: 1.3.0
   * Component: PWR Version: 1.3.0
   * Component: RCC Version: 1.3.0
   * Component: SYSCFG Version: 1.3.0
   * Component: TIM Version: 1.3.0
   * Component: USART Version: 1.3.0

<h2>Collection of Component include folders:</h2>
  .\RTE\Device\STM32F429ZI
  .\RTE\_Target_1
  C:\Users\Berse\AppData\Local\Arm\Packs\ARM\CMSIS\5.7.0\CMSIS\Core\Include
  C:\Users\Berse\AppData\Local\Arm\Packs\ARM\CMSIS\5.7.0\CMSIS\DSP\Include
  C:\Users\Berse\AppData\Local\Arm\Packs\Keil\STM32F4xx_DFP\1.0.8\Device\Include
  C:\Users\Berse\AppData\Local\Arm\Packs\Keil\STM32F4xx_DFP\1.0.8\Device\StdPeriph_Driver\inc

<h2>Collection of Component Files used:</h2>

   * Component: ARM::CMSIS:CORE:5.4.0

   * Component: ARM::CMSIS:DSP:Library:1.8.0
      Include file:  CMSIS\DSP\Include\arm_math.h
      Library file:  CMSIS\DSP\Lib\ARM\arm_cortexM4lf_math.lib

   * Component: Keil::Device:Startup:1.3.1
      Source file:   Device\Source\ARM\startup_stm32f429_439xx.s
      Source file:   Device\Source\ARM\STM32F42xxx_43xxx_OPT.s
      Include file:  Device\Include\stm32f4xx.h
      Source file:   Device\Source\ARM\STM32F4xx_OTP.s
      Source file:   Device\Source\system_stm32f4xx.c
      Include file:  RTE_Driver\Config\RTE_Device.h

   * Component: Keil::Device:StdPeriph Drivers:ADC:1.3.0
      Source file:   Device\StdPeriph_Driver\src\stm32f4xx_adc.c
      Include file:  Device\StdPeriph_Driver\inc\stm32f4xx_adc.h

   * Component: Keil::Device:StdPeriph Drivers:DMA:1.3.0
      Source file:   Device\StdPeriph_Driver\src\stm32f4xx_dma.c
      Include file:  Device\StdPeriph_Driver\inc\stm32f4xx_dma.h

   * Component: Keil::Device:StdPeriph Drivers:EXTI:1.3.0
      Include file:  Device\StdPeriph_Driver\inc\stm32f4xx_exti.h
      Source file:   Device\StdPeriph_Driver\src\stm32f4xx_exti.c

   * Component: Keil::Device:StdPeriph Drivers:Framework:1.3.1
      Source file:   Device\StdPeriph_Driver\templates\stm32f4xx_conf.h
      Include file:  Device\StdPeriph_Driver\templates\stm32f4xx_it.h
      Source file:   Device\StdPeriph_Driver\src\misc.c
      Source file:   Device\StdPeriph_Driver\templates\stm32f4xx_it.c

   * Component: Keil::Device:StdPeriph Drivers:GPIO:1.3.0
      Source file:   Device\StdPeriph_Driver\src\stm32f4xx_gpio.c
      Include file:  Device\StdPeriph_Driver\inc\stm32f4xx_gpio.h

   * Component: Keil::Device:StdPeriph Drivers:PWR:1.3.0
      Include file:  Device\StdPeriph_Driver\inc\stm32f4xx_pwr.h
      Source file:   Device\StdPeriph_Driver\src\stm32f4xx_pwr.c

   * Component: Keil::Device:StdPeriph Drivers:RCC:1.3.0
      Include file:  Device\StdPeriph_Driver\inc\stm32f4xx_rcc.h
      Source file:   Device\StdPeriph_Driver\src\stm32f4xx_rcc.c

   * Component: Keil::Device:StdPeriph Drivers:SYSCFG:1.3.0
      Include file:  Device\StdPeriph_Driver\inc\stm32f4xx_syscfg.h
      Source file:   Device\StdPeriph_Driver\src\stm32f4xx_syscfg.c

   * Component: Keil::Device:StdPeriph Drivers:TIM:1.3.0
      Include file:  Device\StdPeriph_Driver\inc\stm32f4xx_tim.h
      Source file:   Device\StdPeriph_Driver\src\stm32f4xx_tim.c

   * Component: Keil::Device:StdPeriph Drivers:USART:1.3.0
      Include file:  Device\StdPeriph_Driver\inc\stm32f4xx_usart.h
      Source file:   Device\StdPeriph_Driver\src\stm32f4xx_usart.c
Build Time Elapsed:  00:00:01
</pre>
</body>
</html>
